Archive member included to satisfy reference by file (symbol)

c:/program files (x86)/atollic/truestudio for stm32 9.3.0/armtools/bin/../lib/gcc/arm-atollic-eabi/6.3.1/../../../../arm-atollic-eabi/lib/armv7e-m/fpu\libc.a(lib_a-errno.o)
                              Src\syscalls.o (__errno)
c:/program files (x86)/atollic/truestudio for stm32 9.3.0/armtools/bin/../lib/gcc/arm-atollic-eabi/6.3.1/../../../../arm-atollic-eabi/lib/armv7e-m/fpu\libc.a(lib_a-impure.o)
                              c:/program files (x86)/atollic/truestudio for stm32 9.3.0/armtools/bin/../lib/gcc/arm-atollic-eabi/6.3.1/../../../../arm-atollic-eabi/lib/armv7e-m/fpu\libc.a(lib_a-errno.o) (_impure_ptr)
c:/program files (x86)/atollic/truestudio for stm32 9.3.0/armtools/bin/../lib/gcc/arm-atollic-eabi/6.3.1/../../../../arm-atollic-eabi/lib/armv7e-m/fpu\libc.a(lib_a-init.o)
                              startup\startup_stm32l475xx.o (__libc_init_array)
c:/program files (x86)/atollic/truestudio for stm32 9.3.0/armtools/bin/../lib/gcc/arm-atollic-eabi/6.3.1/../../../../arm-atollic-eabi/lib/armv7e-m/fpu\libc.a(lib_a-memset.o)
                              Src\main.o (memset)
c:/program files (x86)/atollic/truestudio for stm32 9.3.0/armtools/bin/../lib/gcc/arm-atollic-eabi/6.3.1/../../../../arm-atollic-eabi/lib/armv7e-m/fpu\libc.a(lib_a-printf.o)
                              Src\main.o (printf)
c:/program files (x86)/atollic/truestudio for stm32 9.3.0/armtools/bin/../lib/gcc/arm-atollic-eabi/6.3.1/../../../../arm-atollic-eabi/lib/armv7e-m/fpu\libc.a(lib_a-vfprintf.o)
                              c:/program files (x86)/atollic/truestudio for stm32 9.3.0/armtools/bin/../lib/gcc/arm-atollic-eabi/6.3.1/../../../../arm-atollic-eabi/lib/armv7e-m/fpu\libc.a(lib_a-printf.o) (_vfprintf_r)
c:/program files (x86)/atollic/truestudio for stm32 9.3.0/armtools/bin/../lib/gcc/arm-atollic-eabi/6.3.1/../../../../arm-atollic-eabi/lib/armv7e-m/fpu\libc.a(lib_a-wsetup.o)
                              c:/program files (x86)/atollic/truestudio for stm32 9.3.0/armtools/bin/../lib/gcc/arm-atollic-eabi/6.3.1/../../../../arm-atollic-eabi/lib/armv7e-m/fpu\libc.a(lib_a-vfprintf.o) (__swsetup_r)
c:/program files (x86)/atollic/truestudio for stm32 9.3.0/armtools/bin/../lib/gcc/arm-atollic-eabi/6.3.1/../../../../arm-atollic-eabi/lib/armv7e-m/fpu\libc.a(lib_a-dtoa.o)
                              c:/program files (x86)/atollic/truestudio for stm32 9.3.0/armtools/bin/../lib/gcc/arm-atollic-eabi/6.3.1/../../../../arm-atollic-eabi/lib/armv7e-m/fpu\libc.a(lib_a-vfprintf.o) (_dtoa_r)
c:/program files (x86)/atollic/truestudio for stm32 9.3.0/armtools/bin/../lib/gcc/arm-atollic-eabi/6.3.1/../../../../arm-atollic-eabi/lib/armv7e-m/fpu\libc.a(lib_a-fflush.o)
                              c:/program files (x86)/atollic/truestudio for stm32 9.3.0/armtools/bin/../lib/gcc/arm-atollic-eabi/6.3.1/../../../../arm-atollic-eabi/lib/armv7e-m/fpu\libc.a(lib_a-vfprintf.o) (_fflush_r)
c:/program files (x86)/atollic/truestudio for stm32 9.3.0/armtools/bin/../lib/gcc/arm-atollic-eabi/6.3.1/../../../../arm-atollic-eabi/lib/armv7e-m/fpu\libc.a(lib_a-findfp.o)
                              c:/program files (x86)/atollic/truestudio for stm32 9.3.0/armtools/bin/../lib/gcc/arm-atollic-eabi/6.3.1/../../../../arm-atollic-eabi/lib/armv7e-m/fpu\libc.a(lib_a-printf.o) (__sinit)
c:/program files (x86)/atollic/truestudio for stm32 9.3.0/armtools/bin/../lib/gcc/arm-atollic-eabi/6.3.1/../../../../arm-atollic-eabi/lib/armv7e-m/fpu\libc.a(lib_a-freer.o)
                              c:/program files (x86)/atollic/truestudio for stm32 9.3.0/armtools/bin/../lib/gcc/arm-atollic-eabi/6.3.1/../../../../arm-atollic-eabi/lib/armv7e-m/fpu\libc.a(lib_a-wsetup.o) (_free_r)
c:/program files (x86)/atollic/truestudio for stm32 9.3.0/armtools/bin/../lib/gcc/arm-atollic-eabi/6.3.1/../../../../arm-atollic-eabi/lib/armv7e-m/fpu\libc.a(lib_a-fwalk.o)
                              c:/program files (x86)/atollic/truestudio for stm32 9.3.0/armtools/bin/../lib/gcc/arm-atollic-eabi/6.3.1/../../../../arm-atollic-eabi/lib/armv7e-m/fpu\libc.a(lib_a-findfp.o) (_fwalk)
c:/program files (x86)/atollic/truestudio for stm32 9.3.0/armtools/bin/../lib/gcc/arm-atollic-eabi/6.3.1/../../../../arm-atollic-eabi/lib/armv7e-m/fpu\libc.a(lib_a-localeconv.o)
                              c:/program files (x86)/atollic/truestudio for stm32 9.3.0/armtools/bin/../lib/gcc/arm-atollic-eabi/6.3.1/../../../../arm-atollic-eabi/lib/armv7e-m/fpu\libc.a(lib_a-vfprintf.o) (_localeconv_r)
c:/program files (x86)/atollic/truestudio for stm32 9.3.0/armtools/bin/../lib/gcc/arm-atollic-eabi/6.3.1/../../../../arm-atollic-eabi/lib/armv7e-m/fpu\libc.a(lib_a-lock.o)
                              c:/program files (x86)/atollic/truestudio for stm32 9.3.0/armtools/bin/../lib/gcc/arm-atollic-eabi/6.3.1/../../../../arm-atollic-eabi/lib/armv7e-m/fpu\libc.a(lib_a-vfprintf.o) (__retarget_lock_init_recursive)
[...]
Memory Configuration

Name             Origin             Length             Attributes
RAM              0x20000000         0x00018000         xrw
RAM2             0x10000000         0x00008000         xrw
FLASH            0x08000000         0x00100000         xr
*default*        0x00000000         0xffffffff

Linker script and memory map

LOAD c:/program files (x86)/atollic/truestudio for stm32 9.3.0/armtools/bin/../lib/gcc/arm-atollic-eabi/6.3.1/armv7e-m/fpu/crti.o
LOAD c:/program files (x86)/atollic/truestudio for stm32 9.3.0/armtools/bin/../lib/gcc/arm-atollic-eabi/6.3.1/armv7e-m/fpu/crtbegin.o
LOAD Drivers\STM32L4xx_HAL_Driver\Src\stm32l4xx_hal.o
LOAD Drivers\STM32L4xx_HAL_Driver\Src\stm32l4xx_hal_adc.o
LOAD Drivers\STM32L4xx_HAL_Driver\Src\stm32l4xx_hal_adc_ex.o
LOAD Drivers\STM32L4xx_HAL_Driver\Src\stm32l4xx_hal_cortex.o
LOAD Drivers\STM32L4xx_HAL_Driver\Src\stm32l4xx_hal_dma.o
LOAD Drivers\STM32L4xx_HAL_Driver\Src\stm32l4xx_hal_dma_ex.o
LOAD Drivers\STM32L4xx_HAL_Driver\Src\stm32l4xx_hal_exti.o
LOAD Drivers\STM32L4xx_HAL_Driver\Src\stm32l4xx_hal_flash.o
LOAD Drivers\STM32L4xx_HAL_Driver\Src\stm32l4xx_hal_flash_ex.o
LOAD Drivers\STM32L4xx_HAL_Driver\Src\stm32l4xx_hal_flash_ramfunc.o
LOAD Drivers\STM32L4xx_HAL_Driver\Src\stm32l4xx_hal_gpio.o
LOAD Drivers\STM32L4xx_HAL_Driver\Src\stm32l4xx_hal_i2c.o
LOAD Drivers\STM32L4xx_HAL_Driver\Src\stm32l4xx_hal_i2c_ex.o
LOAD Drivers\STM32L4xx_HAL_Driver\Src\stm32l4xx_hal_pwr.o
LOAD Drivers\STM32L4xx_HAL_Driver\Src\stm32l4xx_hal_pwr_ex.o
LOAD Drivers\STM32L4xx_HAL_Driver\Src\stm32l4xx_hal_rcc.o
LOAD Drivers\STM32L4xx_HAL_Driver\Src\stm32l4xx_hal_rcc_ex.o
LOAD Drivers\STM32L4xx_HAL_Driver\Src\stm32l4xx_hal_tim.o
LOAD Drivers\STM32L4xx_HAL_Driver\Src\stm32l4xx_hal_tim_ex.o
LOAD Src\main.o
LOAD Src\stm32l4xx_hal_msp.o
LOAD Src\stm32l4xx_it.o
LOAD Src\syscalls.o
LOAD Src\system_stm32l4xx.o
LOAD startup\startup_stm32l475xx.o
                0x00000080                malloc_getpagesize_P = 0x80
START GROUP
LOAD c:/program files (x86)/atollic/truestudio for stm32 9.3.0/armtools/bin/../lib/gcc/arm-atollic-eabi/6.3.1/../../../../arm-atollic-eabi/lib/armv7e-m/fpu\libc.a
LOAD c:/program files (x86)/atollic/truestudio for stm32 9.3.0/armtools/bin/../lib/gcc/arm-atollic-eabi/6.3.1/../../../../arm-atollic-eabi/lib/armv7e-m/fpu\libm.a
END GROUP
START GROUP
LOAD c:/program files (x86)/atollic/truestudio for stm32 9.3.0/armtools/bin/../lib/gcc/arm-atollic-eabi/6.3.1/armv7e-m/fpu\libgcc.a
LOAD c:/program files (x86)/atollic/truestudio for stm32 9.3.0/armtools/bin/../lib/gcc/arm-atollic-eabi/6.3.1/../../../../arm-atollic-eabi/lib/armv7e-m/fpu\libc.a
END GROUP
START GROUP
LOAD c:/program files (x86)/atollic/truestudio for stm32 9.3.0/armtools/bin/../lib/gcc/arm-atollic-eabi/6.3.1/armv7e-m/fpu\libgcc.a
LOAD c:/program files (x86)/atollic/truestudio for stm32 9.3.0/armtools/bin/../lib/gcc/arm-atollic-eabi/6.3.1/../../../../arm-atollic-eabi/lib/armv7e-m/fpu\libc.a
LOAD c:/program files (x86)/atollic/truestudio for stm32 9.3.0/armtools/bin/../lib/gcc/arm-atollic-eabi/6.3.1/../../../../arm-atollic-eabi/lib/armv7e-m/fpu\libnosys.a
END GROUP
LOAD c:/program files (x86)/atollic/truestudio for stm32 9.3.0/armtools/bin/../lib/gcc/arm-atollic-eabi/6.3.1/armv7e-m/fpu/crtend.o
LOAD c:/program files (x86)/atollic/truestudio for stm32 9.3.0/armtools/bin/../lib/gcc/arm-atollic-eabi/6.3.1/armv7e-m/fpu/crtn.o
                0x20018000                _estack = 0x20018000
                0x00000200                _Min_Heap_Size = 0x200
                0x00000400                _Min_Stack_Size = 0x400

.isr_vector     0x08000000      0x188
                0x08000000                . = ALIGN (0x4)
 *(.isr_vector)
 .isr_vector    0x08000000      0x188 startup\startup_stm32l475xx.o
                0x08000000                g_pfnVectors
                0x08000188                . = ALIGN (0x4)

.text           0x08000190     0x6870
                0x08000190                . = ALIGN (0x4)
 *(.text)
 .text          0x08000190       0x40 c:/program files (x86)/atollic/truestudio for stm32 9.3.0/armtools/bin/../lib/gcc/arm-atollic-eabi/6.3.1/armv7e-m/fpu/crtbegin.o
 .text          0x080001d0       0xa0 c:/program files (x86)/atollic/truestudio for stm32 9.3.0/armtools/bin/../lib/gcc/arm-atollic-eabi/6.3.1/../../../../arm-atollic-eabi/lib/armv7e-m/fpu\libc.a(lib_a-memchr.o)
                0x080001d0                memchr
 .text          0x08000270       0x10 c:/program files (x86)/atollic/truestudio for stm32 9.3.0/armtools/bin/../lib/gcc/arm-atollic-eabi/6.3.1/../../../../arm-atollic-eabi/lib/armv7e-m/fpu\libc.a(lib_a-strlen.o)
                0x08000270                strlen
 .text          0x08000280      0x370 c:/program files (x86)/atollic/truestudio for stm32 9.3.0/armtools/bin/../lib/gcc/arm-atollic-eabi/6.3.1/armv7e-m/fpu\libgcc.a(_arm_addsubdf3.o)
                0x08000280                __aeabi_drsub
                0x08000288                __aeabi_dsub
                0x08000288                __subdf3
                0x0800028c                __aeabi_dadd
                0x0800028c                __adddf3
                0x08000504                __floatunsidf
                0x08000504                __aeabi_ui2d
                0x08000524                __floatsidf
                0x08000524                __aeabi_i2d
                0x08000548                __aeabi_f2d
                0x08000548                __extendsfdf2
                0x08000584                __floatundidf
                0x08000584                __aeabi_ul2d
                0x08000594                __floatdidf
                0x08000594                __aeabi_l2d
 .text          0x080005f0      0x424 c:/program files (x86)/atollic/truestudio for stm32 9.3.0/armtools/bin/../lib/gcc/arm-atollic-eabi/6.3.1/armv7e-m/fpu\libgcc.a(_arm_muldivdf3.o)
                0x080005f0                __aeabi_dmul
                0x080005f0                __muldf3
                0x08000844                __divdf3
                0x08000844                __aeabi_ddiv
 .text          0x08000a14      0x110 c:/program files (x86)/atollic/truestudio for stm32 9.3.0/armtools/bin/../lib/gcc/arm-atollic-eabi/6.3.1/armv7e-m/fpu\libgcc.a(_arm_cmpdf2.o)
                0x08000a14                __gtdf2
                0x08000a14                __gedf2
                0x08000a1c                __ltdf2
                0x08000a1c                __ledf2
                0x08000a24                __nedf2
                0x08000a24                __eqdf2
                0x08000a24                __cmpdf2
                0x08000aa0                __aeabi_cdrcmple
                0x08000ab0                __aeabi_cdcmpeq
                0x08000ab0                __aeabi_cdcmple
                0x08000ac0                __aeabi_dcmpeq
                0x08000ad4                __aeabi_dcmplt
                0x08000ae8                __aeabi_dcmple
                0x08000afc                __aeabi_dcmpge
                0x08000b10                __aeabi_dcmpgt
 .text          0x08000b24       0x2c c:/program files (x86)/atollic/truestudio for stm32 9.3.0/armtools/bin/../lib/gcc/arm-atollic-eabi/6.3.1/armv7e-m/fpu\libgcc.a(_arm_unorddf2.o)
                0x08000b24                __unorddf2
                0x08000b24                __aeabi_dcmpun
 .text          0x08000b50       0x50 c:/program files (x86)/atollic/truestudio for stm32 9.3.0/armtools/bin/../lib/gcc/arm-atollic-eabi/6.3.1/armv7e-m/fpu\libgcc.a(_arm_fixdfsi.o)
                0x08000b50                __aeabi_d2iz
                0x08000b50                __fixdfsi
 .text          0x08000ba0       0xa0 c:/program files (x86)/atollic/truestudio for stm32 9.3.0/armtools/bin/../lib/gcc/arm-atollic-eabi/6.3.1/armv7e-m/fpu\libgcc.a(_arm_truncdfsf2.o)
                0x08000ba0                __truncdfsf2
                0x08000ba0                __aeabi_d2f
 .text          0x08000c40       0x30 c:/program files (x86)/atollic/truestudio for stm32 9.3.0/armtools/bin/../lib/gcc/arm-atollic-eabi/6.3.1/armv7e-m/fpu\libgcc.a(_aeabi_uldivmod.o)
                0x08000c40                __aeabi_uldivmod
 .text          0x08000c70      0x2dc c:/program files (x86)/atollic/truestudio for stm32 9.3.0/armtools/bin/../lib/gcc/arm-atollic-eabi/6.3.1/armv7e-m/fpu\libgcc.a(_udivmoddi4.o)
                0x08000c70                __udivmoddi4
 .text          0x08000f4c        0x4 c:/program files (x86)/atollic/truestudio for stm32 9.3.0/armtools/bin/../lib/gcc/arm-atollic-eabi/6.3.1/armv7e-m/fpu\libgcc.a(_dvmd_tls.o)
                0x08000f4c                __aeabi_idiv0
                0x08000f4c                __aeabi_ldiv0
 *(.text*)
 .text.HAL_InitTick
                0x08000f50       0x4c Drivers\STM32L4xx_HAL_Driver\Src\stm32l4xx_hal.o
                0x08000f50                HAL_InitTick
 .text.HAL_Init
                0x08000f9c       0x1e Drivers\STM32L4xx_HAL_Driver\Src\stm32l4xx_hal.o
                0x08000f9c                HAL_Init
 *fill*         0x08000fba        0x2 
 .text.HAL_IncTick
                0x08000fbc       0x18 Drivers\STM32L4xx_HAL_Driver\Src\stm32l4xx_hal.o
                0x08000fbc                HAL_IncTick
 .text.HAL_GetTick
                0x08000fd4        0xc Drivers\STM32L4xx_HAL_Driver\Src\stm32l4xx_hal.o
                0x08000fd4                HAL_GetTick
 .text.HAL_Delay
                0x08000fe0       0x28 Drivers\STM32L4xx_HAL_Driver\Src\stm32l4xx_hal.o
                0x08000fe0                HAL_Delay
 .text.LL_ADC_SetChannelSamplingTime
                0x08001008       0x22 Drivers\STM32L4xx_HAL_Driver\Src\stm32l4xx_hal_adc.o
 .text.LL_ADC_IsEnabled
                0x0800102a        0x8 Drivers\STM32L4xx_HAL_Driver\Src\stm32l4xx_hal_adc.o
 .text.LL_ADC_REG_IsConversionOngoing
                0x08001032        0x8 Drivers\STM32L4xx_HAL_Driver\Src\stm32l4xx_hal_adc.o
 *fill*         0x0800103a        0x2 
 .text.HAL_ADC_Init
                0x0800103c      0x1c0 Drivers\STM32L4xx_HAL_Driver\Src\stm32l4xx_hal_adc.o
                0x0800103c                HAL_ADC_Init
 .text.HAL_ADC_ConvCpltCallback
                0x080011fc        0x2 Drivers\STM32L4xx_HAL_Driver\Src\stm32l4xx_hal_adc.o
                0x080011fc                HAL_ADC_ConvCpltCallback
 .text.HAL_ADC_ConvHalfCpltCallback
                0x080011fe        0x2 Drivers\STM32L4xx_HAL_Driver\Src\stm32l4xx_hal_adc.o
                0x080011fe                HAL_ADC_ConvHalfCpltCallback
 .text.ADC_DMAHalfConvCplt
                0x08001200        0xa Drivers\STM32L4xx_HAL_Driver\Src\stm32l4xx_hal_adc.o
                0x08001200                ADC_DMAHalfConvCplt
 .text.HAL_ADC_ErrorCallback
                0x0800120a        0x2 Drivers\STM32L4xx_HAL_Driver\Src\stm32l4xx_hal_adc.o
                0x0800120a                HAL_ADC_ErrorCallback
 .text.ADC_DMAConvCplt
                0x0800120c       0x68 Drivers\STM32L4xx_HAL_Driver\Src\stm32l4xx_hal_adc.o
                0x0800120c                ADC_DMAConvCplt
 .text.ADC_DMAError
                0x08001274       0x1a Drivers\STM32L4xx_HAL_Driver\Src\stm32l4xx_hal_adc.o
                0x08001274                ADC_DMAError
 *fill*         0x0800128e        0x2 
 .text.HAL_ADC_ConfigChannel
                0x08001290      0x3ac Drivers\STM32L4xx_HAL_Driver\Src\stm32l4xx_hal_adc.o
                0x08001290                HAL_ADC_ConfigChannel
 .text.ADC_Enable
                0x0800163c       0x70 Drivers\STM32L4xx_HAL_Driver\Src\stm32l4xx_hal_adc.o
                0x0800163c                ADC_Enable
 .text.HAL_ADC_Start_DMA
                0x080016ac       0xfc Drivers\STM32L4xx_HAL_Driver\Src\stm32l4xx_hal_adc.o
                0x080016ac                HAL_ADC_Start_DMA
 .text.LL_ADC_IsEnabled
                0x080017a8        0x8 Drivers\STM32L4xx_HAL_Driver\Src\stm32l4xx_hal_adc_ex.o
 .text.LL_ADC_REG_IsConversionOngoing
                0x080017b0        0x8 Drivers\STM32L4xx_HAL_Driver\Src\stm32l4xx_hal_adc_ex.o
 .text.HAL_ADCEx_MultiModeConfigChannel
                0x080017b8       0xf0 Drivers\STM32L4xx_HAL_Driver\Src\stm32l4xx_hal_adc_ex.o
                0x080017b8                HAL_ADCEx_MultiModeConfigChannel
 .text.HAL_NVIC_SetPriorityGrouping
                0x080018a8       0x24 Drivers\STM32L4xx_HAL_Driver\Src\stm32l4xx_hal_cortex.o
                0x080018a8                HAL_NVIC_SetPriorityGrouping
 .text.HAL_NVIC_SetPriority
                0x080018cc       0x68 Drivers\STM32L4xx_HAL_Driver\Src\stm32l4xx_hal_cortex.o
                0x080018cc                HAL_NVIC_SetPriority
 .text.HAL_NVIC_EnableIRQ
                0x08001934       0x1c Drivers\STM32L4xx_HAL_Driver\Src\stm32l4xx_hal_cortex.o
                0x08001934                HAL_NVIC_EnableIRQ
 .text.HAL_SYSTICK_Config
                0x08001950       0x2c Drivers\STM32L4xx_HAL_Driver\Src\stm32l4xx_hal_cortex.o
                0x08001950                HAL_SYSTICK_Config
 .text.HAL_DMA_Init
                0x0800197c       0xc4 Drivers\STM32L4xx_HAL_Driver\Src\stm32l4xx_hal_dma.o
                0x0800197c                HAL_DMA_Init
 .text.HAL_DMA_Start_IT
                0x08001a40       0x80 Drivers\STM32L4xx_HAL_Driver\Src\stm32l4xx_hal_dma.o
                0x08001a40                HAL_DMA_Start_IT
 .text.HAL_DMA_IRQHandler
                0x08001ac0       0x94 Drivers\STM32L4xx_HAL_Driver\Src\stm32l4xx_hal_dma.o
                0x08001ac0                HAL_DMA_IRQHandler
 .text.HAL_GPIO_Init
                0x08001b54      0x1b8 Drivers\STM32L4xx_HAL_Driver\Src\stm32l4xx_hal_gpio.o
                0x08001b54                HAL_GPIO_Init
 .text.HAL_PWREx_GetVoltageRange
                0x08001d0c       0x10 Drivers\STM32L4xx_HAL_Driver\Src\stm32l4xx_hal_pwr_ex.o
                0x08001d0c                HAL_PWREx_GetVoltageRange
 .text.HAL_PWREx_ControlVoltageScaling
                0x08001d1c       0x6c Drivers\STM32L4xx_HAL_Driver\Src\stm32l4xx_hal_pwr_ex.o
                0x08001d1c                HAL_PWREx_ControlVoltageScaling
 .text.RCC_SetFlashLatencyFromMSIRange
                0x08001d88       0x84 Drivers\STM32L4xx_HAL_Driver\Src\stm32l4xx_hal_rcc.o
 .text.HAL_RCC_GetSysClockFreq
                0x08001e0c       0x9c Drivers\STM32L4xx_HAL_Driver\Src\stm32l4xx_hal_rcc.o
                0x08001e0c                HAL_RCC_GetSysClockFreq
 .text.HAL_RCC_OscConfig
                0x08001ea8      0x4c4 Drivers\STM32L4xx_HAL_Driver\Src\stm32l4xx_hal_rcc.o
                0x08001ea8                HAL_RCC_OscConfig
 .text.HAL_RCC_ClockConfig
                0x0800236c      0x12c Drivers\STM32L4xx_HAL_Driver\Src\stm32l4xx_hal_rcc.o
                0x0800236c                HAL_RCC_ClockConfig
 .text.RCCEx_PLLSAI1_Config
                0x08002498      0x11c Drivers\STM32L4xx_HAL_Driver\Src\stm32l4xx_hal_rcc_ex.o
 .text.RCCEx_PLLSAI2_Config
                0x080025b4       0xfc Drivers\STM32L4xx_HAL_Driver\Src\stm32l4xx_hal_rcc_ex.o
 .text.HAL_RCCEx_PeriphCLKConfig
                0x080026b0      0x3d0 Drivers\STM32L4xx_HAL_Driver\Src\stm32l4xx_hal_rcc_ex.o
                0x080026b0                HAL_RCCEx_PeriphCLKConfig
 .text.SystemClock_Config
                0x08002a80       0x90 Src\main.o
                0x08002a80                SystemClock_Config
 .text.startup.main
                0x08002b10      0x1bc Src\main.o
                0x08002b10                main
 .text.__io_putchar
                0x08002ccc       0x26 Src\main.o
                0x08002ccc                __io_putchar
 .text.Error_Handler
                0x08002cf2        0x2 Src\main.o
                0x08002cf2                Error_Handler
 .text.HAL_MspInit
                0x08002cf4       0x30 Src\stm32l4xx_hal_msp.o
                0x08002cf4                HAL_MspInit
 .text.HAL_ADC_MspInit
                0x08002d24       0x9c Src\stm32l4xx_hal_msp.o
                0x08002d24                HAL_ADC_MspInit
 .text.NMI_Handler
                0x08002dc0        0x2 Src\stm32l4xx_it.o
                0x08002dc0                NMI_Handler
 .text.HardFault_Handler
                0x08002dc2        0x2 Src\stm32l4xx_it.o
                0x08002dc2                HardFault_Handler
 .text.MemManage_Handler
                0x08002dc4        0x2 Src\stm32l4xx_it.o
                0x08002dc4                MemManage_Handler
 .text.BusFault_Handler
                0x08002dc6        0x2 Src\stm32l4xx_it.o
                0x08002dc6                BusFault_Handler
 .text.UsageFault_Handler
                0x08002dc8        0x2 Src\stm32l4xx_it.o
                0x08002dc8                UsageFault_Handler
 .text.SVC_Handler
                0x08002dca        0x2 Src\stm32l4xx_it.o
                0x08002dca                SVC_Handler
 .text.DebugMon_Handler
                0x08002dcc        0x2 Src\stm32l4xx_it.o
                0x08002dcc                DebugMon_Handler
 .text.PendSV_Handler
                0x08002dce        0x2 Src\stm32l4xx_it.o
                0x08002dce                PendSV_Handler
 .text.SysTick_Handler
                0x08002dd0        0x4 Src\stm32l4xx_it.o
                0x08002dd0                SysTick_Handler
 .text.DMA1_Channel1_IRQHandler
                0x08002dd4        0xc Src\stm32l4xx_it.o
                0x08002dd4                DMA1_Channel1_IRQHandler
 .text._read    0x08002de0       0x1c Src\syscalls.o
                0x08002de0                _read
 .text._write   0x08002dfc       0x1c Src\syscalls.o
                0x08002dfc                _write
 .text._sbrk    0x08002e18       0x34 Src\syscalls.o
                0x08002e18                _sbrk
 .text._close   0x08002e4c        0x6 Src\syscalls.o
                0x08002e4c                _close
 .text._fstat   0x08002e52        0xa Src\syscalls.o
                0x08002e52                _fstat
 .text._isatty  0x08002e5c        0x4 Src\syscalls.o
                0x08002e5c                _isatty
 .text._lseek   0x08002e60        0x4 Src\syscalls.o
                0x08002e60                _lseek
 .text.SystemInit
                0x08002e64       0x48 Src\system_stm32l4xx.o
                0x08002e64                SystemInit
 .text.Reset_Handler
                0x08002eac       0x50 startup\startup_stm32l475xx.o
                0x08002eac                Reset_Handler
 .text.Default_Handler
                0x08002efc        0x2 startup\startup_stm32l475xx.o
                0x08002efc                RTC_Alarm_IRQHandler
                0x08002efc                EXTI2_IRQHandler
                0x08002efc                TIM8_TRG_COM_IRQHandler
                0x08002efc                TIM8_CC_IRQHandler
                0x08002efc                TIM1_CC_IRQHandler
                0x08002efc                TSC_IRQHandler
                0x08002efc                TAMP_STAMP_IRQHandler
                0x08002efc                EXTI3_IRQHandler
                0x08002efc                LPTIM2_IRQHandler
                0x08002efc                DFSDM1_FLT1_IRQHandler
                0x08002efc                I2C3_ER_IRQHandler
                0x08002efc                DFSDM1_FLT2_IRQHandler
                0x08002efc                EXTI0_IRQHandler
                0x08002efc                I2C2_EV_IRQHandler
                0x08002efc                CAN1_RX0_IRQHandler
                0x08002efc                FPU_IRQHandler
                0x08002efc                TIM1_UP_TIM16_IRQHandler
                0x08002efc                ADC1_2_IRQHandler
                0x08002efc                SPI1_IRQHandler
                0x08002efc                TIM6_DAC_IRQHandler
                0x08002efc                TIM8_UP_IRQHandler
                0x08002efc                DMA2_Channel2_IRQHandler
                0x08002efc                DMA1_Channel4_IRQHandler
                0x08002efc                SAI2_IRQHandler
                0x08002efc                DFSDM1_FLT3_IRQHandler
                0x08002efc                USART3_IRQHandler
                0x08002efc                DMA1_Channel7_IRQHandler
                0x08002efc                CAN1_RX1_IRQHandler
                0x08002efc                UART5_IRQHandler
                0x08002efc                ADC3_IRQHandler
                0x08002efc                TIM4_IRQHandler
                0x08002efc                DMA2_Channel1_IRQHandler
                0x08002efc                QUADSPI_IRQHandler
                0x08002efc                I2C1_EV_IRQHandler
                0x08002efc                DMA1_Channel6_IRQHandler
                0x08002efc                UART4_IRQHandler
                0x08002efc                DMA2_Channel4_IRQHandler
                0x08002efc                TIM3_IRQHandler
                0x08002efc                RCC_IRQHandler
                0x08002efc                Default_Handler
                0x08002efc                DMA2_Channel7_IRQHandler
                0x08002efc                EXTI15_10_IRQHandler
                0x08002efc                TIM7_IRQHandler
                0x08002efc                SDMMC1_IRQHandler
                0x08002efc                TIM5_IRQHandler
                0x08002efc                I2C3_EV_IRQHandler
                0x08002efc                EXTI9_5_IRQHandler
                0x08002efc                RTC_WKUP_IRQHandler
                0x08002efc                PVD_PVM_IRQHandler
                0x08002efc                SPI2_IRQHandler
                0x08002efc                CAN1_TX_IRQHandler
                0x08002efc                DMA2_Channel5_IRQHandler
                0x08002efc                DMA1_Channel5_IRQHandler
                0x08002efc                EXTI4_IRQHandler
                0x08002efc                RNG_IRQHandler
                0x08002efc                TIM1_TRG_COM_TIM17_IRQHandler
                0x08002efc                DMA1_Channel3_IRQHandler
                0x08002efc                COMP_IRQHandler
                0x08002efc                WWDG_IRQHandler
                0x08002efc                LPUART1_IRQHandler
                0x08002efc                DMA2_Channel6_IRQHandler
                0x08002efc                TIM2_IRQHandler
                0x08002efc                EXTI1_IRQHandler
                0x08002efc                USART2_IRQHandler
                0x08002efc                DFSDM1_FLT0_IRQHandler
                0x08002efc                I2C2_ER_IRQHandler
                0x08002efc                DMA1_Channel2_IRQHandler
                0x08002efc                TIM8_BRK_IRQHandler
                0x08002efc                CAN1_SCE_IRQHandler
                0x08002efc                FLASH_IRQHandler
                0x08002efc                USART1_IRQHandler
                0x08002efc                OTG_FS_IRQHandler
                0x08002efc                SPI3_IRQHandler
                0x08002efc                I2C1_ER_IRQHandler
                0x08002efc                FMC_IRQHandler
                0x08002efc                SWPMI1_IRQHandler
                0x08002efc                LPTIM1_IRQHandler
                0x08002efc                SAI1_IRQHandler
                0x08002efc                DMA2_Channel3_IRQHandler
                0x08002efc                TIM1_BRK_TIM15_IRQHandler
 *fill*         0x08002efe        0x2 
 .text.__errno  0x08002f00        0xc c:/program files (x86)/atollic/truestudio for stm32 9.3.0/armtools/bin/../lib/gcc/arm-atollic-eabi/6.3.1/../../../../arm-atollic-eabi/lib/armv7e-m/fpu\libc.a(lib_a-errno.o)
                0x08002f00                __errno
 .text.__libc_init_array
                0x08002f0c       0x48 c:/program files (x86)/atollic/truestudio for stm32 9.3.0/armtools/bin/../lib/gcc/arm-atollic-eabi/6.3.1/../../../../arm-atollic-eabi/lib/armv7e-m/fpu\libc.a(lib_a-init.o)
                0x08002f0c                __libc_init_array
 .text.memset   0x08002f54       0x10 c:/program files (x86)/atollic/truestudio for stm32 9.3.0/armtools/bin/../lib/gcc/arm-atollic-eabi/6.3.1/../../../../arm-atollic-eabi/lib/armv7e-m/fpu\libc.a(lib_a-memset.o)
                0x08002f54                memset
 .text.printf   0x08002f64       0x30 c:/program files (x86)/atollic/truestudio for stm32 9.3.0/armtools/bin/../lib/gcc/arm-atollic-eabi/6.3.1/../../../../arm-atollic-eabi/lib/armv7e-m/fpu\libc.a(lib_a-printf.o)
                0x08002f64                printf
 *fill*         0x08002f94        0x4 
 .text._vfprintf_r
                0x08002f98     0x1078 c:/program files (x86)/atollic/truestudio for stm32 9.3.0/armtools/bin/../lib/gcc/arm-atollic-eabi/6.3.1/../../../../arm-atollic-eabi/lib/armv7e-m/fpu\libc.a(lib_a-vfprintf.o)
                0x08002f98                _vfprintf_r
 .text.__sbprintf
                0x08004010       0x80 c:/program files (x86)/atollic/truestudio for stm32 9.3.0/armtools/bin/../lib/gcc/arm-atollic-eabi/6.3.1/../../../../arm-atollic-eabi/lib/armv7e-m/fpu\libc.a(lib_a-vfprintf.o)
 .text.__swsetup_r
                0x08004090       0xdc c:/program files (x86)/atollic/truestudio for stm32 9.3.0/armtools/bin/../lib/gcc/arm-atollic-eabi/6.3.1/../../../../arm-atollic-eabi/lib/armv7e-m/fpu\libc.a(lib_a-wsetup.o)
                0x08004090                __swsetup_r
 .text.quorem   0x0800416c      0x118 c:/program files (x86)/atollic/truestudio for stm32 9.3.0/armtools/bin/../lib/gcc/arm-atollic-eabi/6.3.1/../../../../arm-atollic-eabi/lib/armv7e-m/fpu\libc.a(lib_a-dtoa.o)
 *fill*         0x08004284        0x4 
 .text._dtoa_r  0x08004288      0xb9c c:/program files (x86)/atollic/truestudio for stm32 9.3.0/armtools/bin/../lib/gcc/arm-atollic-eabi/6.3.1/../../../../arm-atollic-eabi/lib/armv7e-m/fpu\libc.a(lib_a-dtoa.o)
                0x08004288                _dtoa_r
 .text.__sflush_r
                0x08004e24      0x124 c:/program files (x86)/atollic/truestudio for stm32 9.3.0/armtools/bin/../lib/gcc/arm-atollic-eabi/6.3.1/../../../../arm-atollic-eabi/lib/armv7e-m/fpu\libc.a(lib_a-fflush.o)
                0x08004e24                __sflush_r
 .text._fflush_r
                0x08004f48       0x78 c:/program files (x86)/atollic/truestudio for stm32 9.3.0/armtools/bin/../lib/gcc/arm-atollic-eabi/6.3.1/../../../../arm-atollic-eabi/lib/armv7e-m/fpu\libc.a(lib_a-fflush.o)
                0x08004f48                _fflush_r
 .text._cleanup_r
                0x08004fc0        0xc c:/program files (x86)/atollic/truestudio for stm32 9.3.0/armtools/bin/../lib/gcc/arm-atollic-eabi/6.3.1/../../../../arm-atollic-eabi/lib/armv7e-m/fpu\libc.a(lib_a-findfp.o)
                0x08004fc0                _cleanup_r
 .text.std.isra.0
                0x08004fcc       0x48 c:/program files (x86)/atollic/truestudio for stm32 9.3.0/armtools/bin/../lib/gcc/arm-atollic-eabi/6.3.1/../../../../arm-atollic-eabi/lib/armv7e-m/fpu\libc.a(lib_a-findfp.o)
 .text.__sfmoreglue
                0x08005014       0x2c c:/program files (x86)/atollic/truestudio for stm32 9.3.0/armtools/bin/../lib/gcc/arm-atollic-eabi/6.3.1/../../../../arm-atollic-eabi/lib/armv7e-m/fpu\libc.a(lib_a-findfp.o)
                0x08005014                __sfmoreglue
 .text.__sfp_lock_acquire
                0x08005040        0xc c:/program files (x86)/atollic/truestudio for stm32 9.3.0/armtools/bin/../lib/gcc/arm-atollic-eabi/6.3.1/../../../../arm-atollic-eabi/lib/armv7e-m/fpu\libc.a(lib_a-findfp.o)
                0x08005040                __sfp_lock_acquire
 .text.__sfp_lock_release
                0x0800504c        0xc c:/program files (x86)/atollic/truestudio for stm32 9.3.0/armtools/bin/../lib/gcc/arm-atollic-eabi/6.3.1/../../../../arm-atollic-eabi/lib/armv7e-m/fpu\libc.a(lib_a-findfp.o)
                0x0800504c                __sfp_lock_release
 .text.__sinit_lock_acquire
                0x08005058        0xc c:/program files (x86)/atollic/truestudio for stm32 9.3.0/armtools/bin/../lib/gcc/arm-atollic-eabi/6.3.1/../../../../arm-atollic-eabi/lib/armv7e-m/fpu\libc.a(lib_a-findfp.o)
                0x08005058                __sinit_lock_acquire
 .text.__sinit_lock_release
                0x08005064        0xc c:/program files (x86)/atollic/truestudio for stm32 9.3.0/armtools/bin/../lib/gcc/arm-atollic-eabi/6.3.1/../../../../arm-atollic-eabi/lib/armv7e-m/fpu\libc.a(lib_a-findfp.o)
                0x08005064                __sinit_lock_release
 .text.__sinit  0x08005070       0x74 c:/program files (x86)/atollic/truestudio for stm32 9.3.0/armtools/bin/../lib/gcc/arm-atollic-eabi/6.3.1/../../../../arm-atollic-eabi/lib/armv7e-m/fpu\libc.a(lib_a-findfp.o)
                0x08005070                __sinit
 .text.__sfp    0x080050e4       0x8c c:/program files (x86)/atollic/truestudio for stm32 9.3.0/armtools/bin/../lib/gcc/arm-atollic-eabi/6.3.1/../../../../arm-atollic-eabi/lib/armv7e-m/fpu\libc.a(lib_a-findfp.o)
                0x080050e4                __sfp
 .text._malloc_trim_r
                0x08005170       0xac c:/program files (x86)/atollic/truestudio for stm32 9.3.0/armtools/bin/../lib/gcc/arm-atollic-eabi/6.3.1/../../../../arm-atollic-eabi/lib/armv7e-m/fpu\libc.a(lib_a-freer.o)
                0x08005170                _malloc_trim_r
 .text._free_r  0x0800521c      0x178 c:/program files (x86)/atollic/truestudio for stm32 9.3.0/armtools/bin/../lib/gcc/arm-atollic-eabi/6.3.1/../../../../arm-atollic-eabi/lib/armv7e-m/fpu\libc.a(lib_a-freer.o)
                0x0800521c                _free_r
 .text._fwalk_reent
                0x08005394       0x3c c:/program files (x86)/atollic/truestudio for stm32 9.3.0/armtools/bin/../lib/gcc/arm-atollic-eabi/6.3.1/../../../../arm-atollic-eabi/lib/armv7e-m/fpu\libc.a(lib_a-fwalk.o)
                0x08005394                _fwalk_reent
 .text._localeconv_r
                0x080053d0       0x1c c:/program files (x86)/atollic/truestudio for stm32 9.3.0/armtools/bin/../lib/gcc/arm-atollic-eabi/6.3.1/../../../../arm-atollic-eabi/lib/armv7e-m/fpu\libc.a(lib_a-localeconv.o)
                0x080053d0                _localeconv_r
 .text.__retarget_lock_init_recursive
                0x080053ec        0x2 c:/program files (x86)/atollic/truestudio for stm32 9.3.0/armtools/bin/../lib/gcc/arm-atollic-eabi/6.3.1/../../../../arm-atollic-eabi/lib/armv7e-m/fpu\libc.a(lib_a-lock.o)
                0x080053ec                __retarget_lock_init_recursive
 .text.__retarget_lock_close_recursive
                0x080053ee        0x2 c:/program files (x86)/atollic/truestudio for stm32 9.3.0/armtools/bin/../lib/gcc/arm-atollic-eabi/6.3.1/../../../../arm-atollic-eabi/lib/armv7e-m/fpu\libc.a(lib_a-lock.o)
                0x080053ee                __retarget_lock_close_recursive
 .text.__retarget_lock_acquire_recursive
                0x080053f0        0x2 c:/program files (x86)/atollic/truestudio for stm32 9.3.0/armtools/bin/../lib/gcc/arm-atollic-eabi/6.3.1/../../../../arm-atollic-eabi/lib/armv7e-m/fpu\libc.a(lib_a-lock.o)
                0x080053f0                __retarget_lock_acquire_recursive
 .text.__retarget_lock_release_recursive
                0x080053f2        0x2 c:/program files (x86)/atollic/truestudio for stm32 9.3.0/armtools/bin/../lib/gcc/arm-atollic-eabi/6.3.1/../../../../arm-atollic-eabi/lib/armv7e-m/fpu\libc.a(lib_a-lock.o)
                0x080053f2                __retarget_lock_release_recursive
 .text.__swhatbuf_r
                0x080053f4       0x56 c:/program files (x86)/atollic/truestudio for stm32 9.3.0/armtools/bin/../lib/gcc/arm-atollic-eabi/6.3.1/../../../../arm-atollic-eabi/lib/armv7e-m/fpu\libc.a(lib_a-makebuf.o)
                0x080053f4                __swhatbuf_r
 *fill*         0x0800544a        0x2 
 .text.__smakebuf_r
                0x0800544c       0x80 c:/program files (x86)/atollic/truestudio for stm32 9.3.0/armtools/bin/../lib/gcc/arm-atollic-eabi/6.3.1/../../../../arm-atollic-eabi/lib/armv7e-m/fpu\libc.a(lib_a-makebuf.o)
                0x0800544c                __smakebuf_r
 .text.malloc   0x080054cc       0x10 c:/program files (x86)/atollic/truestudio for stm32 9.3.0/armtools/bin/../lib/gcc/arm-atollic-eabi/6.3.1/../../../../arm-atollic-eabi/lib/armv7e-m/fpu\libc.a(lib_a-malloc.o)
                0x080054cc                malloc
 .text._malloc_r
                0x080054dc      0x41c c:/program files (x86)/atollic/truestudio for stm32 9.3.0/armtools/bin/../lib/gcc/arm-atollic-eabi/6.3.1/../../../../arm-atollic-eabi/lib/armv7e-m/fpu\libc.a(lib_a-mallocr.o)
                0x080054dc                _malloc_r
 .text.memcpy   0x080058f8       0x16 c:/program files (x86)/atollic/truestudio for stm32 9.3.0/armtools/bin/../lib/gcc/arm-atollic-eabi/6.3.1/../../../../arm-atollic-eabi/lib/armv7e-m/fpu\libc.a(lib_a-memcpy-stub.o)
                0x080058f8                memcpy
 *fill*         0x0800590e        0x2 
 .text.__malloc_lock
                0x08005910        0xc c:/program files (x86)/atollic/truestudio for stm32 9.3.0/armtools/bin/../lib/gcc/arm-atollic-eabi/6.3.1/../../../../arm-atollic-eabi/lib/armv7e-m/fpu\libc.a(lib_a-mlock.o)
                0x08005910                __malloc_lock
 .text.__malloc_unlock
                0x0800591c        0xc c:/program files (x86)/atollic/truestudio for stm32 9.3.0/armtools/bin/../lib/gcc/arm-atollic-eabi/6.3.1/../../../../arm-atollic-eabi/lib/armv7e-m/fpu\libc.a(lib_a-mlock.o)
                0x0800591c                __malloc_unlock
 .text._Balloc  0x08005928       0x68 c:/program files (x86)/atollic/truestudio for stm32 9.3.0/armtools/bin/../lib/gcc/arm-atollic-eabi/6.3.1/../../../../arm-atollic-eabi/lib/armv7e-m/fpu\libc.a(lib_a-mprec.o)
                0x08005928                _Balloc
 .text._Bfree   0x08005990       0x2e c:/program files (x86)/atollic/truestudio for stm32 9.3.0/armtools/bin/../lib/gcc/arm-atollic-eabi/6.3.1/../../../../arm-atollic-eabi/lib/armv7e-m/fpu\libc.a(lib_a-mprec.o)
                0x08005990                _Bfree
 .text.__multadd
                0x080059be       0x76 c:/program files (x86)/atollic/truestudio for stm32 9.3.0/armtools/bin/../lib/gcc/arm-atollic-eabi/6.3.1/../../../../arm-atollic-eabi/lib/armv7e-m/fpu\libc.a(lib_a-mprec.o)
                0x080059be                __multadd
 .text.__hi0bits
                0x08005a34       0x3e c:/program files (x86)/atollic/truestudio for stm32 9.3.0/armtools/bin/../lib/gcc/arm-atollic-eabi/6.3.1/../../../../arm-atollic-eabi/lib/armv7e-m/fpu\libc.a(lib_a-mprec.o)
                0x08005a34                __hi0bits
 .text.__lo0bits
                0x08005a72       0x5e c:/program files (x86)/atollic/truestudio for stm32 9.3.0/armtools/bin/../lib/gcc/arm-atollic-eabi/6.3.1/../../../../arm-atollic-eabi/lib/armv7e-m/fpu\libc.a(lib_a-mprec.o)
                0x08005a72                __lo0bits
 .text.__i2b    0x08005ad0       0x12 c:/program files (x86)/atollic/truestudio for stm32 9.3.0/armtools/bin/../lib/gcc/arm-atollic-eabi/6.3.1/../../../../arm-atollic-eabi/lib/armv7e-m/fpu\libc.a(lib_a-mprec.o)
                0x08005ad0                __i2b
 .text.__multiply
                0x08005ae2      0x11a c:/program files (x86)/atollic/truestudio for stm32 9.3.0/armtools/bin/../lib/gcc/arm-atollic-eabi/6.3.1/../../../../arm-atollic-eabi/lib/armv7e-m/fpu\libc.a(lib_a-mprec.o)
                0x08005ae2                __multiply
 .text.__pow5mult
                0x08005bfc       0x9c c:/program files (x86)/atollic/truestudio for stm32 9.3.0/armtools/bin/../lib/gcc/arm-atollic-eabi/6.3.1/../../../../arm-atollic-eabi/lib/armv7e-m/fpu\libc.a(lib_a-mprec.o)
                0x08005bfc                __pow5mult
 .text.__lshift
                0x08005c98       0xa2 c:/program files (x86)/atollic/truestudio for stm32 9.3.0/armtools/bin/../lib/gcc/arm-atollic-eabi/6.3.1/../../../../arm-atollic-eabi/lib/armv7e-m/fpu\libc.a(lib_a-mprec.o)
                0x08005c98                __lshift
 .text.__mcmp   0x08005d3a       0x34 c:/program files (x86)/atollic/truestudio for stm32 9.3.0/armtools/bin/../lib/gcc/arm-atollic-eabi/6.3.1/../../../../arm-atollic-eabi/lib/armv7e-m/fpu\libc.a(lib_a-mprec.o)
                0x08005d3a                __mcmp
 .text.__mdiff  0x08005d6e       0xbc c:/program files (x86)/atollic/truestudio for stm32 9.3.0/armtools/bin/../lib/gcc/arm-atollic-eabi/6.3.1/../../../../arm-atollic-eabi/lib/armv7e-m/fpu\libc.a(lib_a-mprec.o)
                0x08005d6e                __mdiff
 .text.__d2b    0x08005e2a       0x9e c:/program files (x86)/atollic/truestudio for stm32 9.3.0/armtools/bin/../lib/gcc/arm-atollic-eabi/6.3.1/../../../../arm-atollic-eabi/lib/armv7e-m/fpu\libc.a(lib_a-mprec.o)
                0x08005e2a                __d2b
 .text._sbrk_r  0x08005ec8       0x20 c:/program files (x86)/atollic/truestudio for stm32 9.3.0/armtools/bin/../lib/gcc/arm-atollic-eabi/6.3.1/../../../../arm-atollic-eabi/lib/armv7e-m/fpu\libc.a(lib_a-sbrkr.o)
                0x08005ec8                _sbrk_r
 .text.__sread  0x08005ee8       0x22 c:/program files (x86)/atollic/truestudio for stm32 9.3.0/armtools/bin/../lib/gcc/arm-atollic-eabi/6.3.1/../../../../arm-atollic-eabi/lib/armv7e-m/fpu\libc.a(lib_a-stdio.o)
                0x08005ee8                __sread
 .text.__swrite
                0x08005f0a       0x38 c:/program files (x86)/atollic/truestudio for stm32 9.3.0/armtools/bin/../lib/gcc/arm-atollic-eabi/6.3.1/../../../../arm-atollic-eabi/lib/armv7e-m/fpu\libc.a(lib_a-stdio.o)
                0x08005f0a                __swrite
 .text.__sseek  0x08005f42       0x24 c:/program files (x86)/atollic/truestudio for stm32 9.3.0/armtools/bin/../lib/gcc/arm-atollic-eabi/6.3.1/../../../../arm-atollic-eabi/lib/armv7e-m/fpu\libc.a(lib_a-stdio.o)
                0x08005f42                __sseek
 .text.__sclose
                0x08005f66        0x8 c:/program files (x86)/atollic/truestudio for stm32 9.3.0/armtools/bin/../lib/gcc/arm-atollic-eabi/6.3.1/../../../../arm-atollic-eabi/lib/armv7e-m/fpu\libc.a(lib_a-stdio.o)
                0x08005f66                __sclose
 .text.__sprint_r
                0x08005f6e       0x6a c:/program files (x86)/atollic/truestudio for stm32 9.3.0/armtools/bin/../lib/gcc/arm-atollic-eabi/6.3.1/../../../../arm-atollic-eabi/lib/armv7e-m/fpu\libc.a(lib_a-vfiprintf.o)
                0x08005f6e                __sprint_r
 .text._write_r
                0x08005fd8       0x24 c:/program files (x86)/atollic/truestudio for stm32 9.3.0/armtools/bin/../lib/gcc/arm-atollic-eabi/6.3.1/../../../../arm-atollic-eabi/lib/armv7e-m/fpu\libc.a(lib_a-writer.o)
                0x08005fd8                _write_r
 .text._calloc_r
                0x08005ffc       0x5a c:/program files (x86)/atollic/truestudio for stm32 9.3.0/armtools/bin/../lib/gcc/arm-atollic-eabi/6.3.1/../../../../arm-atollic-eabi/lib/armv7e-m/fpu\libc.a(lib_a-callocr.o)
                0x08005ffc                _calloc_r
 *fill*         0x08006056        0x2 
 .text._close_r
                0x08006058       0x20 c:/program files (x86)/atollic/truestudio for stm32 9.3.0/armtools/bin/../lib/gcc/arm-atollic-eabi/6.3.1/../../../../arm-atollic-eabi/lib/armv7e-m/fpu\libc.a(lib_a-closer.o)
                0x08006058                _close_r
 .text._fclose_r
                0x08006078       0xd8 c:/program files (x86)/atollic/truestudio for stm32 9.3.0/armtools/bin/../lib/gcc/arm-atollic-eabi/6.3.1/../../../../arm-atollic-eabi/lib/armv7e-m/fpu\libc.a(lib_a-fclose.o)
                0x08006078                _fclose_r
 .text.__fputwc
                0x08006150       0x82 c:/program files (x86)/atollic/truestudio for stm32 9.3.0/armtools/bin/../lib/gcc/arm-atollic-eabi/6.3.1/../../../../arm-atollic-eabi/lib/armv7e-m/fpu\libc.a(lib_a-fputwc.o)
                0x08006150                __fputwc
 .text._fputwc_r
                0x080061d2       0x52 c:/program files (x86)/atollic/truestudio for stm32 9.3.0/armtools/bin/../lib/gcc/arm-atollic-eabi/6.3.1/../../../../arm-atollic-eabi/lib/armv7e-m/fpu\libc.a(lib_a-fputwc.o)
                0x080061d2                _fputwc_r
 .text._fstat_r
                0x08006224       0x24 c:/program files (x86)/atollic/truestudio for stm32 9.3.0/armtools/bin/../lib/gcc/arm-atollic-eabi/6.3.1/../../../../arm-atollic-eabi/lib/armv7e-m/fpu\libc.a(lib_a-fstatr.o)
                0x08006224                _fstat_r
 .text.__sfvwrite_r
                0x08006248      0x29c c:/program files (x86)/atollic/truestudio for stm32 9.3.0/armtools/bin/../lib/gcc/arm-atollic-eabi/6.3.1/../../../../arm-atollic-eabi/lib/armv7e-m/fpu\libc.a(lib_a-fvwrite.o)
                0x08006248                __sfvwrite_r
 .text._isatty_r
                0x080064e4       0x20 c:/program files (x86)/atollic/truestudio for stm32 9.3.0/armtools/bin/../lib/gcc/arm-atollic-eabi/6.3.1/../../../../arm-atollic-eabi/lib/armv7e-m/fpu\libc.a(lib_a-isattyr.o)
                0x080064e4                _isatty_r
 .text.__locale_mb_cur_max
                0x08006504       0x1c c:/program files (x86)/atollic/truestudio for stm32 9.3.0/armtools/bin/../lib/gcc/arm-atollic-eabi/6.3.1/../../../../arm-atollic-eabi/lib/armv7e-m/fpu\libc.a(lib_a-locale.o)
                0x08006504                __locale_mb_cur_max
 .text._lseek_r
                0x08006520       0x24 c:/program files (x86)/atollic/truestudio for stm32 9.3.0/armtools/bin/../lib/gcc/arm-atollic-eabi/6.3.1/../../../../arm-atollic-eabi/lib/armv7e-m/fpu\libc.a(lib_a-lseekr.o)
                0x08006520                _lseek_r
 .text.__ascii_mbtowc
                0x08006544       0x24 c:/program files (x86)/atollic/truestudio for stm32 9.3.0/armtools/bin/../lib/gcc/arm-atollic-eabi/6.3.1/../../../../arm-atollic-eabi/lib/armv7e-m/fpu\libc.a(lib_a-mbtowc_r.o)
                0x08006544                __ascii_mbtowc
 .text.memmove  0x08006568       0x34 c:/program files (x86)/atollic/truestudio for stm32 9.3.0/armtools/bin/../lib/gcc/arm-atollic-eabi/6.3.1/../../../../arm-atollic-eabi/lib/armv7e-m/fpu\libc.a(lib_a-memmove.o)
                0x08006568                memmove
 .text._read_r  0x0800659c       0x24 c:/program files (x86)/atollic/truestudio for stm32 9.3.0/armtools/bin/../lib/gcc/arm-atollic-eabi/6.3.1/../../../../arm-atollic-eabi/lib/armv7e-m/fpu\libc.a(lib_a-readr.o)
                0x0800659c                _read_r
 .text._realloc_r
                0x080065c0      0x300 c:/program files (x86)/atollic/truestudio for stm32 9.3.0/armtools/bin/../lib/gcc/arm-atollic-eabi/6.3.1/../../../../arm-atollic-eabi/lib/armv7e-m/fpu\libc.a(lib_a-reallocr.o)
                0x080065c0                _realloc_r
 .text.__swbuf_r
                0x080068c0       0xbc c:/program files (x86)/atollic/truestudio for stm32 9.3.0/armtools/bin/../lib/gcc/arm-atollic-eabi/6.3.1/../../../../arm-atollic-eabi/lib/armv7e-m/fpu\libc.a(lib_a-wbuf.o)
                0x080068c0                __swbuf_r
 .text._wcrtomb_r
                0x0800697c       0x50 c:/program files (x86)/atollic/truestudio for stm32 9.3.0/armtools/bin/../lib/gcc/arm-atollic-eabi/6.3.1/../../../../arm-atollic-eabi/lib/armv7e-m/fpu\libc.a(lib_a-wcrtomb.o)
                0x0800697c                _wcrtomb_r
 .text.__ascii_wctomb
                0x080069cc       0x1a c:/program files (x86)/atollic/truestudio for stm32 9.3.0/armtools/bin/../lib/gcc/arm-atollic-eabi/6.3.1/../../../../arm-atollic-eabi/lib/armv7e-m/fpu\libc.a(lib_a-wctomb_r.o)
                0x080069cc                __ascii_wctomb
 *(.glue_7)
 .glue_7        0x080069e6        0x0 linker stubs
 *(.glue_7t)
 .glue_7t       0x080069e6        0x0 linker stubs
 *(.eh_frame)
 *fill*         0x080069e6        0x2 
 .eh_frame      0x080069e8        0x0 c:/program files (x86)/atollic/truestudio for stm32 9.3.0/armtools/bin/../lib/gcc/arm-atollic-eabi/6.3.1/armv7e-m/fpu/crtbegin.o
 *(.init)
 .init          0x080069e8        0x4 c:/program files (x86)/atollic/truestudio for stm32 9.3.0/armtools/bin/../lib/gcc/arm-atollic-eabi/6.3.1/armv7e-m/fpu/crti.o
                0x080069e8                _init
 .init          0x080069ec        0x8 c:/program files (x86)/atollic/truestudio for stm32 9.3.0/armtools/bin/../lib/gcc/arm-atollic-eabi/6.3.1/armv7e-m/fpu/crtn.o
 *(.fini)
 .fini          0x080069f4        0x4 c:/program files (x86)/atollic/truestudio for stm32 9.3.0/armtools/bin/../lib/gcc/arm-atollic-eabi/6.3.1/armv7e-m/fpu/crti.o
                0x080069f4                _fini
 .fini          0x080069f8        0x8 c:/program files (x86)/atollic/truestudio for stm32 9.3.0/armtools/bin/../lib/gcc/arm-atollic-eabi/6.3.1/armv7e-m/fpu/crtn.o
                0x08006a00                . = ALIGN (0x4)
                0x08006a00                _etext = .

.vfp11_veneer   0x08006a00        0x0
 .vfp11_veneer  0x08006a00        0x0 linker stubs

.v4_bx          0x08006a00        0x0
 .v4_bx         0x08006a00        0x0 linker stubs

.iplt           0x08006a00        0x0
 .iplt          0x08006a00        0x0 c:/program files (x86)/atollic/truestudio for stm32 9.3.0/armtools/bin/../lib/gcc/arm-atollic-eabi/6.3.1/armv7e-m/fpu/crtbegin.o

.rodata         0x08006a00      0x338
                0x08006a00                . = ALIGN (0x4)
 *(.rodata)
 *(.rodata*)
 .rodata.main.str1.1
                0x08006a00       0x25 Src\main.o
 .rodata.AHBPrescTable
                0x08006a25       0x10 Src\system_stm32l4xx.o
                0x08006a25                AHBPrescTable
 *fill*         0x08006a35        0x3 
 .rodata.MSIRangeTable
                0x08006a38       0x30 Src\system_stm32l4xx.o
                0x08006a38                MSIRangeTable
 .rodata._global_impure_ptr
                0x08006a68        0x4 c:/program files (x86)/atollic/truestudio for stm32 9.3.0/armtools/bin/../lib/gcc/arm-atollic-eabi/6.3.1/../../../../arm-atollic-eabi/lib/armv7e-m/fpu\libc.a(lib_a-impure.o)
                0x08006a68                _global_impure_ptr
 .rodata._vfprintf_r.str1.1
                0x08006a6c       0x34 c:/program files (x86)/atollic/truestudio for stm32 9.3.0/armtools/bin/../lib/gcc/arm-atollic-eabi/6.3.1/../../../../arm-atollic-eabi/lib/armv7e-m/fpu\libc.a(lib_a-vfprintf.o)
 .rodata.blanks.8374
                0x08006aa0       0x10 c:/program files (x86)/atollic/truestudio for stm32 9.3.0/armtools/bin/../lib/gcc/arm-atollic-eabi/6.3.1/../../../../arm-atollic-eabi/lib/armv7e-m/fpu\libc.a(lib_a-vfprintf.o)
 .rodata.zeroes.8375
                0x08006ab0       0x10 c:/program files (x86)/atollic/truestudio for stm32 9.3.0/armtools/bin/../lib/gcc/arm-atollic-eabi/6.3.1/../../../../arm-atollic-eabi/lib/armv7e-m/fpu\libc.a(lib_a-vfprintf.o)
 .rodata._dtoa_r.str1.1
                0x08006ac0        0xd c:/program files (x86)/atollic/truestudio for stm32 9.3.0/armtools/bin/../lib/gcc/arm-atollic-eabi/6.3.1/../../../../arm-atollic-eabi/lib/armv7e-m/fpu\libc.a(lib_a-dtoa.o)
                                  0xf (size before relaxing)
 *fill*         0x08006acd        0x3 
 .rodata.__sf_fake_stderr
                0x08006ad0       0x20 c:/program files (x86)/atollic/truestudio for stm32 9.3.0/armtools/bin/../lib/gcc/arm-atollic-eabi/6.3.1/../../../../arm-atollic-eabi/lib/armv7e-m/fpu\libc.a(lib_a-findfp.o)
                0x08006ad0                __sf_fake_stderr
 .rodata.__sf_fake_stdin
                0x08006af0       0x20 c:/program files (x86)/atollic/truestudio for stm32 9.3.0/armtools/bin/../lib/gcc/arm-atollic-eabi/6.3.1/../../../../arm-atollic-eabi/lib/armv7e-m/fpu\libc.a(lib_a-findfp.o)
                0x08006af0                __sf_fake_stdin
 .rodata.__sf_fake_stdout
                0x08006b10       0x20 c:/program files (x86)/atollic/truestudio for stm32 9.3.0/armtools/bin/../lib/gcc/arm-atollic-eabi/6.3.1/../../../../arm-atollic-eabi/lib/armv7e-m/fpu\libc.a(lib_a-findfp.o)
                0x08006b10                __sf_fake_stdout
 .rodata.__mprec_bigtens
                0x08006b30       0x28 c:/program files (x86)/atollic/truestudio for stm32 9.3.0/armtools/bin/../lib/gcc/arm-atollic-eabi/6.3.1/../../../../arm-atollic-eabi/lib/armv7e-m/fpu\libc.a(lib_a-mprec.o)
                0x08006b30                __mprec_bigtens
 .rodata.__mprec_tens
                0x08006b58       0xc8 c:/program files (x86)/atollic/truestudio for stm32 9.3.0/armtools/bin/../lib/gcc/arm-atollic-eabi/6.3.1/../../../../arm-atollic-eabi/lib/armv7e-m/fpu\libc.a(lib_a-mprec.o)
                0x08006b58                __mprec_tens
 .rodata.p05.7196
                0x08006c20        0xc c:/program files (x86)/atollic/truestudio for stm32 9.3.0/armtools/bin/../lib/gcc/arm-atollic-eabi/6.3.1/../../../../arm-atollic-eabi/lib/armv7e-m/fpu\libc.a(lib_a-mprec.o)
 .rodata._setlocale_r.str1.1
                0x08006c2c        0x8 c:/program files (x86)/atollic/truestudio for stm32 9.3.0/armtools/bin/../lib/gcc/arm-atollic-eabi/6.3.1/../../../../arm-atollic-eabi/lib/armv7e-m/fpu\libc.a(lib_a-locale.o)
                                  0x9 (size before relaxing)
 .rodata.str1.1
                0x08006c34        0x2 c:/program files (x86)/atollic/truestudio for stm32 9.3.0/armtools/bin/../lib/gcc/arm-atollic-eabi/6.3.1/../../../../arm-atollic-eabi/lib/armv7e-m/fpu\libc.a(lib_a-locale.o)
 .rodata._ctype_
                0x08006c36      0x101 c:/program files (x86)/atollic/truestudio for stm32 9.3.0/armtools/bin/../lib/gcc/arm-atollic-eabi/6.3.1/../../../../arm-atollic-eabi/lib/armv7e-m/fpu\libc.a(lib_a-ctype_.o)
                0x08006c36                _ctype_
                0x08006d38                . = ALIGN (0x4)
 *fill*         0x08006d37        0x1 

.ARM.extab
 *(.ARM.extab* .gnu.linkonce.armextab.*)

.ARM            0x08006d38        0x8
                0x08006d38                __exidx_start = .
 *(.ARM.exidx*)
 .ARM.exidx     0x08006d38        0x8 c:/program files (x86)/atollic/truestudio for stm32 9.3.0/armtools/bin/../lib/gcc/arm-atollic-eabi/6.3.1/armv7e-m/fpu\libgcc.a(_udivmoddi4.o)
                0x08006d40                __exidx_end = .

.rel.dyn        0x08006d40        0x0
 .rel.iplt      0x08006d40        0x0 c:/program files (x86)/atollic/truestudio for stm32 9.3.0/armtools/bin/../lib/gcc/arm-atollic-eabi/6.3.1/armv7e-m/fpu/crtbegin.o

.preinit_array  0x08006d40        0x0
                0x08006d40                PROVIDE (__preinit_array_start, .)
 *(.preinit_array*)
                0x08006d40                PROVIDE (__preinit_array_end, .)

.init_array     0x08006d40        0x4
                0x08006d40                PROVIDE (__init_array_start, .)
 *(SORT(.init_array.*))
 *(.init_array*)
 .init_array    0x08006d40        0x4 c:/program files (x86)/atollic/truestudio for stm32 9.3.0/armtools/bin/../lib/gcc/arm-atollic-eabi/6.3.1/armv7e-m/fpu/crtbegin.o
                0x08006d44                PROVIDE (__init_array_end, .)

.fini_array     0x08006d44        0x4
                [!provide]                PROVIDE (__fini_array_start, .)
 *(SORT(.fini_array.*))
 *(.fini_array*)
 .fini_array    0x08006d44        0x4 c:/program files (x86)/atollic/truestudio for stm32 9.3.0/armtools/bin/../lib/gcc/arm-atollic-eabi/6.3.1/armv7e-m/fpu/crtbegin.o
                [!provide]                PROVIDE (__fini_array_end, .)
                0x08006d48                _sidata = LOADADDR (.data)

.data           0x20000000      0x67c load address 0x08006d48
                0x20000000                . = ALIGN (0x4)
                0x20000000                _sdata = .
 *(.data)
 *(.data*)
 .data.uwTickFreq
                0x20000000        0x4 Drivers\STM32L4xx_HAL_Driver\Src\stm32l4xx_hal.o
                0x20000000                uwTickFreq
 .data.uwTickPrio
                0x20000004        0x4 Drivers\STM32L4xx_HAL_Driver\Src\stm32l4xx_hal.o
                0x20000004                uwTickPrio
 .data.SystemCoreClock
                0x20000008        0x4 Src\system_stm32l4xx.o
                0x20000008                SystemCoreClock
 .data._impure_ptr
                0x2000000c        0x4 c:/program files (x86)/atollic/truestudio for stm32 9.3.0/armtools/bin/../lib/gcc/arm-atollic-eabi/6.3.1/../../../../arm-atollic-eabi/lib/armv7e-m/fpu\libc.a(lib_a-impure.o)
                0x2000000c                _impure_ptr
 .data.impure_data
                0x20000010       0xf0 c:/program files (x86)/atollic/truestudio for stm32 9.3.0/armtools/bin/../lib/gcc/arm-atollic-eabi/6.3.1/../../../../arm-atollic-eabi/lib/armv7e-m/fpu\libc.a(lib_a-impure.o)
 .data.__malloc_av_
                0x20000100      0x408 c:/program files (x86)/atollic/truestudio for stm32 9.3.0/armtools/bin/../lib/gcc/arm-atollic-eabi/6.3.1/../../../../arm-atollic-eabi/lib/armv7e-m/fpu\libc.a(lib_a-mallocr.o)
                0x20000100                __malloc_av_
 .data.__malloc_sbrk_base
                0x20000508        0x4 c:/program files (x86)/atollic/truestudio for stm32 9.3.0/armtools/bin/../lib/gcc/arm-atollic-eabi/6.3.1/../../../../arm-atollic-eabi/lib/armv7e-m/fpu\libc.a(lib_a-mallocr.o)
                0x20000508                __malloc_sbrk_base
 .data.__malloc_trim_threshold
                0x2000050c        0x4 c:/program files (x86)/atollic/truestudio for stm32 9.3.0/armtools/bin/../lib/gcc/arm-atollic-eabi/6.3.1/../../../../arm-atollic-eabi/lib/armv7e-m/fpu\libc.a(lib_a-mallocr.o)
                0x2000050c                __malloc_trim_threshold
 .data.__global_locale
                0x20000510      0x16c c:/program files (x86)/atollic/truestudio for stm32 9.3.0/armtools/bin/../lib/gcc/arm-atollic-eabi/6.3.1/../../../../arm-atollic-eabi/lib/armv7e-m/fpu\libc.a(lib_a-locale.o)
                0x20000510                __global_locale
                0x2000067c                . = ALIGN (0x4)
                0x2000067c                _edata = .

.igot.plt       0x2000067c        0x0 load address 0x080073c4
 .igot.plt      0x2000067c        0x0 c:/program files (x86)/atollic/truestudio for stm32 9.3.0/armtools/bin/../lib/gcc/arm-atollic-eabi/6.3.1/armv7e-m/fpu/crtbegin.o
                0x2000067c                . = ALIGN (0x4)

.bss            0x2000067c      0x444 load address 0x080073c4
                0x2000067c                _sbss = .
                0x2000067c                __bss_start__ = _sbss
 *(.bss)
 .bss           0x2000067c       0x1c c:/program files (x86)/atollic/truestudio for stm32 9.3.0/armtools/bin/../lib/gcc/arm-atollic-eabi/6.3.1/armv7e-m/fpu/crtbegin.o
 *(.bss*)
 .bss.LM34temp  0x20000698        0x4 Src\main.o
                0x20000698                LM34temp
 .bss.LM35temp  0x2000069c        0x4 Src\main.o
                0x2000069c                LM35temp
 .bss.heap_end.7031
                0x200006a0        0x4 Src\syscalls.o
 .bss.__malloc_current_mallinfo
                0x200006a4       0x28 c:/program files (x86)/atollic/truestudio for stm32 9.3.0/armtools/bin/../lib/gcc/arm-atollic-eabi/6.3.1/../../../../arm-atollic-eabi/lib/armv7e-m/fpu\libc.a(lib_a-mallocr.o)
                0x200006a4                __malloc_current_mallinfo
 .bss.__malloc_max_sbrked_mem
                0x200006cc        0x4 c:/program files (x86)/atollic/truestudio for stm32 9.3.0/armtools/bin/../lib/gcc/arm-atollic-eabi/6.3.1/../../../../arm-atollic-eabi/lib/armv7e-m/fpu\libc.a(lib_a-mallocr.o)
                0x200006cc                __malloc_max_sbrked_mem
 .bss.__malloc_max_total_mem
                0x200006d0        0x4 c:/program files (x86)/atollic/truestudio for stm32 9.3.0/armtools/bin/../lib/gcc/arm-atollic-eabi/6.3.1/../../../../arm-atollic-eabi/lib/armv7e-m/fpu\libc.a(lib_a-mallocr.o)
                0x200006d0                __malloc_max_total_mem
 .bss.__malloc_top_pad
                0x200006d4        0x4 c:/program files (x86)/atollic/truestudio for stm32 9.3.0/armtools/bin/../lib/gcc/arm-atollic-eabi/6.3.1/../../../../arm-atollic-eabi/lib/armv7e-m/fpu\libc.a(lib_a-mallocr.o)
                0x200006d4                __malloc_top_pad
 *(COMMON)
 COMMON         0x200006d8        0x4 Drivers\STM32L4xx_HAL_Driver\Src\stm32l4xx_hal.o
                0x200006d8                uwTick
 COMMON         0x200006dc      0x3d4 Src\main.o
                0x200006dc                LM34Values
                0x200006e0                hadc1
                0x20000744                LMvalues
                0x20000a64                hdma_adc1
                0x20000aac                LM35Values
 COMMON         0x20000ab0        0x9 c:/program files (x86)/atollic/truestudio for stm32 9.3.0/armtools/bin/../lib/gcc/arm-atollic-eabi/6.3.1/../../../../arm-atollic-eabi/lib/armv7e-m/fpu\libc.a(lib_a-lock.o)
                0x20000ab0                __lock___atexit_recursive_mutex
                0x20000ab1                __lock___arc4random_mutex
                0x20000ab2                __lock___env_recursive_mutex
                0x20000ab3                __lock___sinit_recursive_mutex
                0x20000ab4                __lock___malloc_recursive_mutex
                0x20000ab5                __lock___at_quick_exit_mutex
                0x20000ab6                __lock___dd_hash_mutex
                0x20000ab7                __lock___tz_mutex
                0x20000ab8                __lock___sfp_recursive_mutex
 *fill*         0x20000ab9        0x3 
 COMMON         0x20000abc        0x4 c:/program files (x86)/atollic/truestudio for stm32 9.3.0/armtools/bin/../lib/gcc/arm-atollic-eabi/6.3.1/../../../../arm-atollic-eabi/lib/armv7e-m/fpu\libc.a(lib_a-reent.o)
                0x20000abc                errno
                0x20000ac0                . = ALIGN (0x4)
                0x20000ac0                _ebss = .
                0x20000ac0                __bss_end__ = _ebss

._user_heap_stack
                0x20000ac0      0x600 load address 0x080073c4
                0x20000ac0                . = ALIGN (0x4)
                0x20000ac0                PROVIDE (end, .)
                [!provide]                PROVIDE (_end, .)
                0x20000cc0                . = (. + _Min_Heap_Size)
 *fill*         0x20000ac0      0x200 
                0x200010c0                . = (. + _Min_Stack_Size)
 *fill*         0x20000cc0      0x400 
                0x200010c0                . = ALIGN (0x4)

/DISCARD/
 libc.a(*)
 libm.a(*)
 libgcc.a(*)

.ARM.attributes
                0x00000000       0x30
 *(.ARM.attributes)
 .ARM.attributes
                0x00000000       0x22 c:/program files (x86)/atollic/truestudio for stm32 9.3.0/armtools/bin/../lib/gcc/arm-atollic-eabi/6.3.1/armv7e-m/fpu/crti.o
 .ARM.attributes
                0x00000022       0x34 c:/program files (x86)/atollic/truestudio for stm32 9.3.0/armtools/bin/../lib/gcc/arm-atollic-eabi/6.3.1/armv7e-m/fpu/crtbegin.o
 .ARM.attributes
                0x00000056       0x39 Drivers\STM32L4xx_HAL_Driver\Src\stm32l4xx_hal.o
 .ARM.attributes
                0x0000008f       0x39 Drivers\STM32L4xx_HAL_Driver\Src\stm32l4xx_hal_adc.o
 .ARM.attributes
                0x000000c8       0x39 Drivers\STM32L4xx_HAL_Driver\Src\stm32l4xx_hal_adc_ex.o
 .ARM.attributes
                0x00000101       0x39 Drivers\STM32L4xx_HAL_Driver\Src\stm32l4xx_hal_cortex.o
 .ARM.attributes
                0x0000013a       0x39 Drivers\STM32L4xx_HAL_Driver\Src\stm32l4xx_hal_dma.o
 .ARM.attributes
                0x00000173       0x39 Drivers\STM32L4xx_HAL_Driver\Src\stm32l4xx_hal_gpio.o
 .ARM.attributes
                0x000001ac       0x39 Drivers\STM32L4xx_HAL_Driver\Src\stm32l4xx_hal_pwr_ex.o
 .ARM.attributes
                0x000001e5       0x39 Drivers\STM32L4xx_HAL_Driver\Src\stm32l4xx_hal_rcc.o
 .ARM.attributes
                0x0000021e       0x39 Drivers\STM32L4xx_HAL_Driver\Src\stm32l4xx_hal_rcc_ex.o
 .ARM.attributes
                0x00000257       0x39 Src\main.o
 .ARM.attributes
                0x00000290       0x39 Src\stm32l4xx_hal_msp.o
 .ARM.attributes
                0x000002c9       0x39 Src\stm32l4xx_it.o
 .ARM.attributes
                0x00000302       0x39 Src\syscalls.o
 .ARM.attributes
                0x0000033b       0x39 Src\system_stm32l4xx.o
 .ARM.attributes
                0x00000374       0x21 startup\startup_stm32l475xx.o
 .ARM.attributes
                0x00000395       0x34 c:/program files (x86)/atollic/truestudio for stm32 9.3.0/armtools/bin/../lib/gcc/arm-atollic-eabi/6.3.1/../../../../arm-atollic-eabi/lib/armv7e-m/fpu\libc.a(lib_a-errno.o)
 .ARM.attributes
                0x000003c9       0x34 c:/program files (x86)/atollic/truestudio for stm32 9.3.0/armtools/bin/../lib/gcc/arm-atollic-eabi/6.3.1/../../../../arm-atollic-eabi/lib/armv7e-m/fpu\libc.a(lib_a-impure.o)
 .ARM.attributes
                0x000003fd       0x34 c:/program files (x86)/atollic/truestudio for stm32 9.3.0/armtools/bin/../lib/gcc/arm-atollic-eabi/6.3.1/../../../../arm-atollic-eabi/lib/armv7e-m/fpu\libc.a(lib_a-init.o)
 .ARM.attributes
                0x00000431       0x34 c:/program files (x86)/atollic/truestudio for stm32 9.3.0/armtools/bin/../lib/gcc/arm-atollic-eabi/6.3.1/../../../../arm-atollic-eabi/lib/armv7e-m/fpu\libc.a(lib_a-memset.o)
 .ARM.attributes
                0x00000465       0x34 c:/program files (x86)/atollic/truestudio for stm32 9.3.0/armtools/bin/../lib/gcc/arm-atollic-eabi/6.3.1/../../../../arm-atollic-eabi/lib/armv7e-m/fpu\libc.a(lib_a-printf.o)
 .ARM.attributes
                0x00000499       0x34 c:/program files (x86)/atollic/truestudio for stm32 9.3.0/armtools/bin/../lib/gcc/arm-atollic-eabi/6.3.1/../../../../arm-atollic-eabi/lib/armv7e-m/fpu\libc.a(lib_a-vfprintf.o)
 .ARM.attributes
                0x000004cd       0x34 c:/program files (x86)/atollic/truestudio for stm32 9.3.0/armtools/bin/../lib/gcc/arm-atollic-eabi/6.3.1/../../../../arm-atollic-eabi/lib/armv7e-m/fpu\libc.a(lib_a-wsetup.o)
 .ARM.attributes
                0x00000501       0x34 c:/program files (x86)/atollic/truestudio for stm32 9.3.0/armtools/bin/../lib/gcc/arm-atollic-eabi/6.3.1/../../../../arm-atollic-eabi/lib/armv7e-m/fpu\libc.a(lib_a-dtoa.o)
 .ARM.attributes
                0x00000535       0x34 c:/program files (x86)/atollic/truestudio for stm32 9.3.0/armtools/bin/../lib/gcc/arm-atollic-eabi/6.3.1/../../../../arm-atollic-eabi/lib/armv7e-m/fpu\libc.a(lib_a-fflush.o)
 .ARM.attributes
                0x00000569       0x34 c:/program files (x86)/atollic/truestudio for stm32 9.3.0/armtools/bin/../lib/gcc/arm-atollic-eabi/6.3.1/../../../../arm-atollic-eabi/lib/armv7e-m/fpu\libc.a(lib_a-findfp.o)
 .ARM.attributes
                0x0000059d       0x34 c:/program files (x86)/atollic/truestudio for stm32 9.3.0/armtools/bin/../lib/gcc/arm-atollic-eabi/6.3.1/../../../../arm-atollic-eabi/lib/armv7e-m/fpu\libc.a(lib_a-freer.o)
 .ARM.attributes
                0x000005d1       0x34 c:/program files (x86)/atollic/truestudio for stm32 9.3.0/armtools/bin/../lib/gcc/arm-atollic-eabi/6.3.1/../../../../arm-atollic-eabi/lib/armv7e-m/fpu\libc.a(lib_a-fwalk.o)
 .ARM.attributes
                0x00000605       0x34 c:/program files (x86)/atollic/truestudio for stm32 9.3.0/armtools/bin/../lib/gcc/arm-atollic-eabi/6.3.1/../../../../arm-atollic-eabi/lib/armv7e-m/fpu\libc.a(lib_a-localeconv.o)
 .ARM.attributes
                0x00000639       0x34 c:/program files (x86)/atollic/truestudio for stm32 9.3.0/armtools/bin/../lib/gcc/arm-atollic-eabi/6.3.1/../../../../arm-atollic-eabi/lib/armv7e-m/fpu\libc.a(lib_a-lock.o)
 .ARM.attributes
                0x0000066d       0x34 c:/program files (x86)/atollic/truestudio for stm32 9.3.0/armtools/bin/../lib/gcc/arm-atollic-eabi/6.3.1/../../../../arm-atollic-eabi/lib/armv7e-m/fpu\libc.a(lib_a-makebuf.o)
 .ARM.attributes
                0x000006a1       0x34 c:/program files (x86)/atollic/truestudio for stm32 9.3.0/armtools/bin/../lib/gcc/arm-atollic-eabi/6.3.1/../../../../arm-atollic-eabi/lib/armv7e-m/fpu\libc.a(lib_a-malloc.o)
 .ARM.attributes
                0x000006d5       0x34 c:/program files (x86)/atollic/truestudio for stm32 9.3.0/armtools/bin/../lib/gcc/arm-atollic-eabi/6.3.1/../../../../arm-atollic-eabi/lib/armv7e-m/fpu\libc.a(lib_a-mallocr.o)
 .ARM.attributes
                0x00000709       0x20 c:/program files (x86)/atollic/truestudio for stm32 9.3.0/armtools/bin/../lib/gcc/arm-atollic-eabi/6.3.1/../../../../arm-atollic-eabi/lib/armv7e-m/fpu\libc.a(lib_a-memchr.o)
 .ARM.attributes
                0x00000729       0x34 c:/program files (x86)/atollic/truestudio for stm32 9.3.0/armtools/bin/../lib/gcc/arm-atollic-eabi/6.3.1/../../../../arm-atollic-eabi/lib/armv7e-m/fpu\libc.a(lib_a-memcpy-stub.o)
 .ARM.attributes
                0x0000075d       0x34 c:/program files (x86)/atollic/truestudio for stm32 9.3.0/armtools/bin/../lib/gcc/arm-atollic-eabi/6.3.1/../../../../arm-atollic-eabi/lib/armv7e-m/fpu\libc.a(lib_a-mlock.o)
 .ARM.attributes
                0x00000791       0x34 c:/program files (x86)/atollic/truestudio for stm32 9.3.0/armtools/bin/../lib/gcc/arm-atollic-eabi/6.3.1/../../../../arm-atollic-eabi/lib/armv7e-m/fpu\libc.a(lib_a-mprec.o)
 .ARM.attributes
                0x000007c5       0x34 c:/program files (x86)/atollic/truestudio for stm32 9.3.0/armtools/bin/../lib/gcc/arm-atollic-eabi/6.3.1/../../../../arm-atollic-eabi/lib/armv7e-m/fpu\libc.a(lib_a-sbrkr.o)
 .ARM.attributes
                0x000007f9       0x34 c:/program files (x86)/atollic/truestudio for stm32 9.3.0/armtools/bin/../lib/gcc/arm-atollic-eabi/6.3.1/../../../../arm-atollic-eabi/lib/armv7e-m/fpu\libc.a(lib_a-stdio.o)
 .ARM.attributes
                0x0000082d       0x1b c:/program files (x86)/atollic/truestudio for stm32 9.3.0/armtools/bin/../lib/gcc/arm-atollic-eabi/6.3.1/../../../../arm-atollic-eabi/lib/armv7e-m/fpu\libc.a(lib_a-strlen.o)
 .ARM.attributes
                0x00000848       0x34 c:/program files (x86)/atollic/truestudio for stm32 9.3.0/armtools/bin/../lib/gcc/arm-atollic-eabi/6.3.1/../../../../arm-atollic-eabi/lib/armv7e-m/fpu\libc.a(lib_a-vfiprintf.o)
 .ARM.attributes
                0x0000087c       0x34 c:/program files (x86)/atollic/truestudio for stm32 9.3.0/armtools/bin/../lib/gcc/arm-atollic-eabi/6.3.1/../../../../arm-atollic-eabi/lib/armv7e-m/fpu\libc.a(lib_a-writer.o)
 .ARM.attributes
                0x000008b0       0x34 c:/program files (x86)/atollic/truestudio for stm32 9.3.0/armtools/bin/../lib/gcc/arm-atollic-eabi/6.3.1/../../../../arm-atollic-eabi/lib/armv7e-m/fpu\libc.a(lib_a-callocr.o)
 .ARM.attributes
                0x000008e4       0x34 c:/program files (x86)/atollic/truestudio for stm32 9.3.0/armtools/bin/../lib/gcc/arm-atollic-eabi/6.3.1/../../../../arm-atollic-eabi/lib/armv7e-m/fpu\libc.a(lib_a-closer.o)
 .ARM.attributes
                0x00000918       0x34 c:/program files (x86)/atollic/truestudio for stm32 9.3.0/armtools/bin/../lib/gcc/arm-atollic-eabi/6.3.1/../../../../arm-atollic-eabi/lib/armv7e-m/fpu\libc.a(lib_a-fclose.o)
 .ARM.attributes
                0x0000094c       0x34 c:/program files (x86)/atollic/truestudio for stm32 9.3.0/armtools/bin/../lib/gcc/arm-atollic-eabi/6.3.1/../../../../arm-atollic-eabi/lib/armv7e-m/fpu\libc.a(lib_a-fputwc.o)
 .ARM.attributes
                0x00000980       0x34 c:/program files (x86)/atollic/truestudio for stm32 9.3.0/armtools/bin/../lib/gcc/arm-atollic-eabi/6.3.1/../../../../arm-atollic-eabi/lib/armv7e-m/fpu\libc.a(lib_a-fstatr.o)
 .ARM.attributes
                0x000009b4       0x34 c:/program files (x86)/atollic/truestudio for stm32 9.3.0/armtools/bin/../lib/gcc/arm-atollic-eabi/6.3.1/../../../../arm-atollic-eabi/lib/armv7e-m/fpu\libc.a(lib_a-fvwrite.o)
 .ARM.attributes
                0x000009e8       0x34 c:/program files (x86)/atollic/truestudio for stm32 9.3.0/armtools/bin/../lib/gcc/arm-atollic-eabi/6.3.1/../../../../arm-atollic-eabi/lib/armv7e-m/fpu\libc.a(lib_a-isattyr.o)
 .ARM.attributes
                0x00000a1c       0x34 c:/program files (x86)/atollic/truestudio for stm32 9.3.0/armtools/bin/../lib/gcc/arm-atollic-eabi/6.3.1/../../../../arm-atollic-eabi/lib/armv7e-m/fpu\libc.a(lib_a-locale.o)
 .ARM.attributes
                0x00000a50       0x34 c:/program files (x86)/atollic/truestudio for stm32 9.3.0/armtools/bin/../lib/gcc/arm-atollic-eabi/6.3.1/../../../../arm-atollic-eabi/lib/armv7e-m/fpu\libc.a(lib_a-lseekr.o)
 .ARM.attributes
                0x00000a84       0x34 c:/program files (x86)/atollic/truestudio for stm32 9.3.0/armtools/bin/../lib/gcc/arm-atollic-eabi/6.3.1/../../../../arm-atollic-eabi/lib/armv7e-m/fpu\libc.a(lib_a-mbtowc_r.o)
 .ARM.attributes
                0x00000ab8       0x34 c:/program files (x86)/atollic/truestudio for stm32 9.3.0/armtools/bin/../lib/gcc/arm-atollic-eabi/6.3.1/../../../../arm-atollic-eabi/lib/armv7e-m/fpu\libc.a(lib_a-memmove.o)
 .ARM.attributes
                0x00000aec       0x34 c:/program files (x86)/atollic/truestudio for stm32 9.3.0/armtools/bin/../lib/gcc/arm-atollic-eabi/6.3.1/../../../../arm-atollic-eabi/lib/armv7e-m/fpu\libc.a(lib_a-readr.o)
 .ARM.attributes
                0x00000b20       0x34 c:/program files (x86)/atollic/truestudio for stm32 9.3.0/armtools/bin/../lib/gcc/arm-atollic-eabi/6.3.1/../../../../arm-atollic-eabi/lib/armv7e-m/fpu\libc.a(lib_a-reallocr.o)
 .ARM.attributes
                0x00000b54       0x34 c:/program files (x86)/atollic/truestudio for stm32 9.3.0/armtools/bin/../lib/gcc/arm-atollic-eabi/6.3.1/../../../../arm-atollic-eabi/lib/armv7e-m/fpu\libc.a(lib_a-reent.o)
 .ARM.attributes
                0x00000b88       0x34 c:/program files (x86)/atollic/truestudio for stm32 9.3.0/armtools/bin/../lib/gcc/arm-atollic-eabi/6.3.1/../../../../arm-atollic-eabi/lib/armv7e-m/fpu\libc.a(lib_a-wbuf.o)
 .ARM.attributes
                0x00000bbc       0x34 c:/program files (x86)/atollic/truestudio for stm32 9.3.0/armtools/bin/../lib/gcc/arm-atollic-eabi/6.3.1/../../../../arm-atollic-eabi/lib/armv7e-m/fpu\libc.a(lib_a-wcrtomb.o)
 .ARM.attributes
                0x00000bf0       0x34 c:/program files (x86)/atollic/truestudio for stm32 9.3.0/armtools/bin/../lib/gcc/arm-atollic-eabi/6.3.1/../../../../arm-atollic-eabi/lib/armv7e-m/fpu\libc.a(lib_a-wctomb_r.o)
 .ARM.attributes
                0x00000c24       0x34 c:/program files (x86)/atollic/truestudio for stm32 9.3.0/armtools/bin/../lib/gcc/arm-atollic-eabi/6.3.1/../../../../arm-atollic-eabi/lib/armv7e-m/fpu\libc.a(lib_a-ctype_.o)
 .ARM.attributes
                0x00000c58       0x22 c:/program files (x86)/atollic/truestudio for stm32 9.3.0/armtools/bin/../lib/gcc/arm-atollic-eabi/6.3.1/armv7e-m/fpu\libgcc.a(_arm_addsubdf3.o)
 .ARM.attributes
                0x00000c7a       0x22 c:/program files (x86)/atollic/truestudio for stm32 9.3.0/armtools/bin/../lib/gcc/arm-atollic-eabi/6.3.1/armv7e-m/fpu\libgcc.a(_arm_muldivdf3.o)
 .ARM.attributes
                0x00000c9c       0x22 c:/program files (x86)/atollic/truestudio for stm32 9.3.0/armtools/bin/../lib/gcc/arm-atollic-eabi/6.3.1/armv7e-m/fpu\libgcc.a(_arm_cmpdf2.o)
 .ARM.attributes
                0x00000cbe       0x22 c:/program files (x86)/atollic/truestudio for stm32 9.3.0/armtools/bin/../lib/gcc/arm-atollic-eabi/6.3.1/armv7e-m/fpu\libgcc.a(_arm_unorddf2.o)
 .ARM.attributes
                0x00000ce0       0x22 c:/program files (x86)/atollic/truestudio for stm32 9.3.0/armtools/bin/../lib/gcc/arm-atollic-eabi/6.3.1/armv7e-m/fpu\libgcc.a(_arm_fixdfsi.o)
 .ARM.attributes
                0x00000d02       0x22 c:/program files (x86)/atollic/truestudio for stm32 9.3.0/armtools/bin/../lib/gcc/arm-atollic-eabi/6.3.1/armv7e-m/fpu\libgcc.a(_arm_truncdfsf2.o)
 .ARM.attributes
                0x00000d24       0x22 c:/program files (x86)/atollic/truestudio for stm32 9.3.0/armtools/bin/../lib/gcc/arm-atollic-eabi/6.3.1/armv7e-m/fpu\libgcc.a(_aeabi_uldivmod.o)
 .ARM.attributes
                0x00000d46       0x34 c:/program files (x86)/atollic/truestudio for stm32 9.3.0/armtools/bin/../lib/gcc/arm-atollic-eabi/6.3.1/armv7e-m/fpu\libgcc.a(_udivmoddi4.o)
 .ARM.attributes
                0x00000d7a       0x22 c:/program files (x86)/atollic/truestudio for stm32 9.3.0/armtools/bin/../lib/gcc/arm-atollic-eabi/6.3.1/armv7e-m/fpu\libgcc.a(_dvmd_tls.o)
 .ARM.attributes
                0x00000d9c       0x22 c:/program files (x86)/atollic/truestudio for stm32 9.3.0/armtools/bin/../lib/gcc/arm-atollic-eabi/6.3.1/armv7e-m/fpu/crtn.o
OUTPUT(ECET260_LAB4_ADCDMA.elf elf32-littlearm)

.debug_info     0x00000000     0xefa4
 .debug_info    0x00000000      0xcd2 Drivers\STM32L4xx_HAL_Driver\Src\stm32l4xx_hal.o
 .debug_info    0x00000cd2     0x27f8 Drivers\STM32L4xx_HAL_Driver\Src\stm32l4xx_hal_adc.o
 .debug_info    0x000034ca     0x2234 Drivers\STM32L4xx_HAL_Driver\Src\stm32l4xx_hal_adc_ex.o
 .debug_info    0x000056fe     0x1096 Drivers\STM32L4xx_HAL_Driver\Src\stm32l4xx_hal_cortex.o
 .debug_info    0x00006794      0x952 Drivers\STM32L4xx_HAL_Driver\Src\stm32l4xx_hal_dma.o
 .debug_info    0x000070e6      0x98c Drivers\STM32L4xx_HAL_Driver\Src\stm32l4xx_hal_gpio.o
 .debug_info    0x00007a72      0xb0e Drivers\STM32L4xx_HAL_Driver\Src\stm32l4xx_hal_pwr_ex.o
 .debug_info    0x00008580      0xf0c Drivers\STM32L4xx_HAL_Driver\Src\stm32l4xx_hal_rcc.o
 .debug_info    0x0000948c     0x11a3 Drivers\STM32L4xx_HAL_Driver\Src\stm32l4xx_hal_rcc_ex.o
 .debug_info    0x0000a62f     0x1f72 Src\main.o
 .debug_info    0x0000c5a1      0xd23 Src\stm32l4xx_hal_msp.o
 .debug_info    0x0000d2c4      0x540 Src\stm32l4xx_it.o
 .debug_info    0x0000d804      0xffa Src\syscalls.o
 .debug_info    0x0000e7fe      0x6fb Src\system_stm32l4xx.o
 .debug_info    0x0000eef9       0xab startup\startup_stm32l475xx.o

.debug_abbrev   0x00000000     0x2207
 .debug_abbrev  0x00000000      0x28a Drivers\STM32L4xx_HAL_Driver\Src\stm32l4xx_hal.o
 .debug_abbrev  0x0000028a      0x32e Drivers\STM32L4xx_HAL_Driver\Src\stm32l4xx_hal_adc.o
 .debug_abbrev  0x000005b8      0x33e Drivers\STM32L4xx_HAL_Driver\Src\stm32l4xx_hal_adc_ex.o
 .debug_abbrev  0x000008f6      0x314 Drivers\STM32L4xx_HAL_Driver\Src\stm32l4xx_hal_cortex.o
 .debug_abbrev  0x00000c0a      0x224 Drivers\STM32L4xx_HAL_Driver\Src\stm32l4xx_hal_dma.o
 .debug_abbrev  0x00000e2e      0x1d7 Drivers\STM32L4xx_HAL_Driver\Src\stm32l4xx_hal_gpio.o
 .debug_abbrev  0x00001005      0x209 Drivers\STM32L4xx_HAL_Driver\Src\stm32l4xx_hal_pwr_ex.o
 .debug_abbrev  0x0000120e      0x258 Drivers\STM32L4xx_HAL_Driver\Src\stm32l4xx_hal_rcc.o
 .debug_abbrev  0x00001466      0x264 Drivers\STM32L4xx_HAL_Driver\Src\stm32l4xx_hal_rcc_ex.o
 .debug_abbrev  0x000016ca      0x399 Src\main.o
 .debug_abbrev  0x00001a63      0x1d9 Src\stm32l4xx_hal_msp.o
 .debug_abbrev  0x00001c3c      0x195 Src\stm32l4xx_it.o
 .debug_abbrev  0x00001dd1      0x2d9 Src\syscalls.o
 .debug_abbrev  0x000020aa      0x14b Src\system_stm32l4xx.o
 .debug_abbrev  0x000021f5       0x12 startup\startup_stm32l475xx.o

.debug_loc      0x00000000     0x5f0e
 .debug_loc     0x00000000      0x1d5 Drivers\STM32L4xx_HAL_Driver\Src\stm32l4xx_hal.o
 .debug_loc     0x000001d5     0x186b Drivers\STM32L4xx_HAL_Driver\Src\stm32l4xx_hal_adc.o
 .debug_loc     0x00001a40     0x16ef Drivers\STM32L4xx_HAL_Driver\Src\stm32l4xx_hal_adc_ex.o
 .debug_loc     0x0000312f      0x4fb Drivers\STM32L4xx_HAL_Driver\Src\stm32l4xx_hal_cortex.o
 .debug_loc     0x0000362a      0x5b7 Drivers\STM32L4xx_HAL_Driver\Src\stm32l4xx_hal_dma.o
 .debug_loc     0x00003be1      0x2c1 Drivers\STM32L4xx_HAL_Driver\Src\stm32l4xx_hal_gpio.o
 .debug_loc     0x00003ea2      0x63b Drivers\STM32L4xx_HAL_Driver\Src\stm32l4xx_hal_pwr_ex.o
 .debug_loc     0x000044dd      0x5ed Drivers\STM32L4xx_HAL_Driver\Src\stm32l4xx_hal_rcc.o
 .debug_loc     0x00004aca      0xdaf Drivers\STM32L4xx_HAL_Driver\Src\stm32l4xx_hal_rcc_ex.o
 .debug_loc     0x00005879       0x85 Src\main.o
 .debug_loc     0x000058fe       0x63 Src\stm32l4xx_hal_msp.o
 .debug_loc     0x00005961      0x3ef Src\syscalls.o
 .debug_loc     0x00005d50      0x1be Src\system_stm32l4xx.o

.debug_aranges  0x00000000      0x8b0
 .debug_aranges
                0x00000000      0x128 Drivers\STM32L4xx_HAL_Driver\Src\stm32l4xx_hal.o
 .debug_aranges
                0x00000128       0xf0 Drivers\STM32L4xx_HAL_Driver\Src\stm32l4xx_hal_adc.o
 .debug_aranges
                0x00000218       0xf0 Drivers\STM32L4xx_HAL_Driver\Src\stm32l4xx_hal_adc_ex.o
 .debug_aranges
                0x00000308       0xa8 Drivers\STM32L4xx_HAL_Driver\Src\stm32l4xx_hal_cortex.o
 .debug_aranges
                0x000003b0       0x78 Drivers\STM32L4xx_HAL_Driver\Src\stm32l4xx_hal_dma.o
 .debug_aranges
                0x00000428       0x58 Drivers\STM32L4xx_HAL_Driver\Src\stm32l4xx_hal_gpio.o
 .debug_aranges
                0x00000480      0x130 Drivers\STM32L4xx_HAL_Driver\Src\stm32l4xx_hal_pwr_ex.o
 .debug_aranges
                0x000005b0       0x88 Drivers\STM32L4xx_HAL_Driver\Src\stm32l4xx_hal_rcc.o
 .debug_aranges
                0x00000638       0xc0 Drivers\STM32L4xx_HAL_Driver\Src\stm32l4xx_hal_rcc_ex.o
 .debug_aranges
                0x000006f8       0x38 Src\main.o
 .debug_aranges
                0x00000730       0x30 Src\stm32l4xx_hal_msp.o
 .debug_aranges
                0x00000760       0x50 Src\stm32l4xx_it.o
 .debug_aranges
                0x000007b0       0xb0 Src\syscalls.o
 .debug_aranges
                0x00000860       0x28 Src\system_stm32l4xx.o
 .debug_aranges
                0x00000888       0x28 startup\startup_stm32l475xx.o

.debug_ranges   0x00000000      0xdb0
 .debug_ranges  0x00000000      0x118 Drivers\STM32L4xx_HAL_Driver\Src\stm32l4xx_hal.o
 .debug_ranges  0x00000118      0x340 Drivers\STM32L4xx_HAL_Driver\Src\stm32l4xx_hal_adc.o
 .debug_ranges  0x00000458      0x260 Drivers\STM32L4xx_HAL_Driver\Src\stm32l4xx_hal_adc_ex.o
 .debug_ranges  0x000006b8      0x128 Drivers\STM32L4xx_HAL_Driver\Src\stm32l4xx_hal_cortex.o
 .debug_ranges  0x000007e0       0xa0 Drivers\STM32L4xx_HAL_Driver\Src\stm32l4xx_hal_dma.o
 .debug_ranges  0x00000880       0x68 Drivers\STM32L4xx_HAL_Driver\Src\stm32l4xx_hal_gpio.o
 .debug_ranges  0x000008e8      0x120 Drivers\STM32L4xx_HAL_Driver\Src\stm32l4xx_hal_pwr_ex.o
 .debug_ranges  0x00000a08       0x90 Drivers\STM32L4xx_HAL_Driver\Src\stm32l4xx_hal_rcc.o
 .debug_ranges  0x00000a98       0xf0 Drivers\STM32L4xx_HAL_Driver\Src\stm32l4xx_hal_rcc_ex.o
 .debug_ranges  0x00000b88       0xb8 Src\main.o
 .debug_ranges  0x00000c40       0x58 Src\stm32l4xx_hal_msp.o
 .debug_ranges  0x00000c98       0x40 Src\stm32l4xx_it.o
 .debug_ranges  0x00000cd8       0xa0 Src\syscalls.o
 .debug_ranges  0x00000d78       0x18 Src\system_stm32l4xx.o
 .debug_ranges  0x00000d90       0x20 startup\startup_stm32l475xx.o

.debug_line     0x00000000     0x5095
 .debug_line    0x00000000      0x4bf Drivers\STM32L4xx_HAL_Driver\Src\stm32l4xx_hal.o
 .debug_line    0x000004bf      0xe65 Drivers\STM32L4xx_HAL_Driver\Src\stm32l4xx_hal_adc.o
 .debug_line    0x00001324      0xc3a Drivers\STM32L4xx_HAL_Driver\Src\stm32l4xx_hal_adc_ex.o
 .debug_line    0x00001f5e      0x499 Drivers\STM32L4xx_HAL_Driver\Src\stm32l4xx_hal_cortex.o
 .debug_line    0x000023f7      0x4fb Drivers\STM32L4xx_HAL_Driver\Src\stm32l4xx_hal_dma.o
 .debug_line    0x000028f2      0x400 Drivers\STM32L4xx_HAL_Driver\Src\stm32l4xx_hal_gpio.o
 .debug_line    0x00002cf2      0x5b6 Drivers\STM32L4xx_HAL_Driver\Src\stm32l4xx_hal_pwr_ex.o
 .debug_line    0x000032a8      0x5f1 Drivers\STM32L4xx_HAL_Driver\Src\stm32l4xx_hal_rcc.o
 .debug_line    0x00003899      0x725 Drivers\STM32L4xx_HAL_Driver\Src\stm32l4xx_hal_rcc_ex.o
 .debug_line    0x00003fbe      0x4c9 Src\main.o
 .debug_line    0x00004487      0x2d7 Src\stm32l4xx_hal_msp.o
 .debug_line    0x0000475e      0x286 Src\stm32l4xx_it.o
 .debug_line    0x000049e4      0x3bb Src\syscalls.o
 .debug_line    0x00004d9f      0x278 Src\system_stm32l4xx.o
 .debug_line    0x00005017       0x7e startup\startup_stm32l475xx.o

.debug_str      0x00000000     0x4114
 .debug_str     0x00000000      0xe1e Drivers\STM32L4xx_HAL_Driver\Src\stm32l4xx_hal.o
                                0xeb2 (size before relaxing)
 .debug_str     0x00000e1e      0xd9b Drivers\STM32L4xx_HAL_Driver\Src\stm32l4xx_hal_adc.o
                               0x1331 (size before relaxing)
 .debug_str     0x00001bb9      0x5e7 Drivers\STM32L4xx_HAL_Driver\Src\stm32l4xx_hal_adc_ex.o
                               0x12ef (size before relaxing)
 .debug_str     0x000021a0      0x4a6 Drivers\STM32L4xx_HAL_Driver\Src\stm32l4xx_hal_cortex.o
                                0xe5d (size before relaxing)
 .debug_str     0x00002646      0x252 Drivers\STM32L4xx_HAL_Driver\Src\stm32l4xx_hal_dma.o
                                0x877 (size before relaxing)
 .debug_str     0x00002898      0x1da Drivers\STM32L4xx_HAL_Driver\Src\stm32l4xx_hal_gpio.o
                                0x7ab (size before relaxing)
 .debug_str     0x00002a72      0x514 Drivers\STM32L4xx_HAL_Driver\Src\stm32l4xx_hal_pwr_ex.o
                                0xa30 (size before relaxing)
 .debug_str     0x00002f86      0x3c3 Drivers\STM32L4xx_HAL_Driver\Src\stm32l4xx_hal_rcc.o
                                0xa93 (size before relaxing)
 .debug_str     0x00003349      0x595 Drivers\STM32L4xx_HAL_Driver\Src\stm32l4xx_hal_rcc_ex.o
                                0xd18 (size before relaxing)
 .debug_str     0x000038de      0x4d8 Src\main.o
                               0x1904 (size before relaxing)
 .debug_str     0x00003db6       0x1b Src\stm32l4xx_hal_msp.o
                                0xaac (size before relaxing)
 .debug_str     0x00003dd1       0xbf Src\stm32l4xx_it.o
                                0x687 (size before relaxing)
 .debug_str     0x00003e90      0x249 Src\syscalls.o
                                0x8a4 (size before relaxing)
 .debug_str     0x000040d9       0x3b Src\system_stm32l4xx.o
                                0x5f9 (size before relaxing)

.comment        0x00000000       0x7c
 .comment       0x00000000       0x7c Drivers\STM32L4xx_HAL_Driver\Src\stm32l4xx_hal.o
                                 0x7d (size before relaxing)
 .comment       0x0000007c       0x7d Drivers\STM32L4xx_HAL_Driver\Src\stm32l4xx_hal_adc.o
 .comment       0x0000007c       0x7d Drivers\STM32L4xx_HAL_Driver\Src\stm32l4xx_hal_adc_ex.o
 .comment       0x0000007c       0x7d Drivers\STM32L4xx_HAL_Driver\Src\stm32l4xx_hal_cortex.o
 .comment       0x0000007c       0x7d Drivers\STM32L4xx_HAL_Driver\Src\stm32l4xx_hal_dma.o
 .comment       0x0000007c       0x7d Drivers\STM32L4xx_HAL_Driver\Src\stm32l4xx_hal_gpio.o
 .comment       0x0000007c       0x7d Drivers\STM32L4xx_HAL_Driver\Src\stm32l4xx_hal_pwr_ex.o
 .comment       0x0000007c       0x7d Drivers\STM32L4xx_HAL_Driver\Src\stm32l4xx_hal_rcc.o
 .comment       0x0000007c       0x7d Drivers\STM32L4xx_HAL_Driver\Src\stm32l4xx_hal_rcc_ex.o
 .comment       0x0000007c       0x7d Src\main.o
 .comment       0x0000007c       0x7d Src\stm32l4xx_hal_msp.o
 .comment       0x0000007c       0x7d Src\stm32l4xx_it.o
 .comment       0x0000007c       0x7d Src\syscalls.o
 .comment       0x0000007c       0x7d Src\system_stm32l4xx.o

.debug_frame    0x00000000     0x2658
 .debug_frame   0x00000000      0x280 Drivers\STM32L4xx_HAL_Driver\Src\stm32l4xx_hal.o
 .debug_frame   0x00000280      0x330 Drivers\STM32L4xx_HAL_Driver\Src\stm32l4xx_hal_adc.o
 .debug_frame   0x000005b0      0x30c Drivers\STM32L4xx_HAL_Driver\Src\stm32l4xx_hal_adc_ex.o
 .debug_frame   0x000008bc      0x158 Drivers\STM32L4xx_HAL_Driver\Src\stm32l4xx_hal_cortex.o
 .debug_frame   0x00000a14      0x140 Drivers\STM32L4xx_HAL_Driver\Src\stm32l4xx_hal_dma.o
 .debug_frame   0x00000b54       0xd8 Drivers\STM32L4xx_HAL_Driver\Src\stm32l4xx_hal_gpio.o
 .debug_frame   0x00000c2c      0x278 Drivers\STM32L4xx_HAL_Driver\Src\stm32l4xx_hal_pwr_ex.o
 .debug_frame   0x00000ea4      0x160 Drivers\STM32L4xx_HAL_Driver\Src\stm32l4xx_hal_rcc.o
 .debug_frame   0x00001004      0x200 Drivers\STM32L4xx_HAL_Driver\Src\stm32l4xx_hal_rcc_ex.o
 .debug_frame   0x00001204       0x80 Src\main.o
 .debug_frame   0x00001284       0x68 Src\stm32l4xx_hal_msp.o
 .debug_frame   0x000012ec       0xb0 Src\stm32l4xx_it.o
 .debug_frame   0x0000139c      0x1a8 Src\syscalls.o
 .debug_frame   0x00001544       0x38 Src\system_stm32l4xx.o
 .debug_frame   0x0000157c       0x20 c:/program files (x86)/atollic/truestudio for stm32 9.3.0/armtools/bin/../lib/gcc/arm-atollic-eabi/6.3.1/../../../../arm-atollic-eabi/lib/armv7e-m/fpu\libc.a(lib_a-errno.o)
 .debug_frame   0x0000159c       0x2c c:/program files (x86)/atollic/truestudio for stm32 9.3.0/armtools/bin/../lib/gcc/arm-atollic-eabi/6.3.1/../../../../arm-atollic-eabi/lib/armv7e-m/fpu\libc.a(lib_a-init.o)
 .debug_frame   0x000015c8       0x20 c:/program files (x86)/atollic/truestudio for stm32 9.3.0/armtools/bin/../lib/gcc/arm-atollic-eabi/6.3.1/../../../../arm-atollic-eabi/lib/armv7e-m/fpu\libc.a(lib_a-memset.o)
 .debug_frame   0x000015e8       0x74 c:/program files (x86)/atollic/truestudio for stm32 9.3.0/armtools/bin/../lib/gcc/arm-atollic-eabi/6.3.1/../../../../arm-atollic-eabi/lib/armv7e-m/fpu\libc.a(lib_a-printf.o)
 .debug_frame   0x0000165c       0x74 c:/program files (x86)/atollic/truestudio for stm32 9.3.0/armtools/bin/../lib/gcc/arm-atollic-eabi/6.3.1/../../../../arm-atollic-eabi/lib/armv7e-m/fpu\libc.a(lib_a-vfprintf.o)
 .debug_frame   0x000016d0       0x2c c:/program files (x86)/atollic/truestudio for stm32 9.3.0/armtools/bin/../lib/gcc/arm-atollic-eabi/6.3.1/../../../../arm-atollic-eabi/lib/armv7e-m/fpu\libc.a(lib_a-wsetup.o)
 .debug_frame   0x000016fc       0x6c c:/program files (x86)/atollic/truestudio for stm32 9.3.0/armtools/bin/../lib/gcc/arm-atollic-eabi/6.3.1/../../../../arm-atollic-eabi/lib/armv7e-m/fpu\libc.a(lib_a-dtoa.o)
 .debug_frame   0x00001768       0x5c c:/program files (x86)/atollic/truestudio for stm32 9.3.0/armtools/bin/../lib/gcc/arm-atollic-eabi/6.3.1/../../../../arm-atollic-eabi/lib/armv7e-m/fpu\libc.a(lib_a-fflush.o)
 .debug_frame   0x000017c4      0x14c c:/program files (x86)/atollic/truestudio for stm32 9.3.0/armtools/bin/../lib/gcc/arm-atollic-eabi/6.3.1/../../../../arm-atollic-eabi/lib/armv7e-m/fpu\libc.a(lib_a-findfp.o)
 .debug_frame   0x00001910       0x60 c:/program files (x86)/atollic/truestudio for stm32 9.3.0/armtools/bin/../lib/gcc/arm-atollic-eabi/6.3.1/../../../../arm-atollic-eabi/lib/armv7e-m/fpu\libc.a(lib_a-freer.o)
 .debug_frame   0x00001970       0x54 c:/program files (x86)/atollic/truestudio for stm32 9.3.0/armtools/bin/../lib/gcc/arm-atollic-eabi/6.3.1/../../../../arm-atollic-eabi/lib/armv7e-m/fpu\libc.a(lib_a-fwalk.o)
 .debug_frame   0x000019c4       0x40 c:/program files (x86)/atollic/truestudio for stm32 9.3.0/armtools/bin/../lib/gcc/arm-atollic-eabi/6.3.1/../../../../arm-atollic-eabi/lib/armv7e-m/fpu\libc.a(lib_a-localeconv.o)
 .debug_frame   0x00001a04       0xb0 c:/program files (x86)/atollic/truestudio for stm32 9.3.0/armtools/bin/../lib/gcc/arm-atollic-eabi/6.3.1/../../../../arm-atollic-eabi/lib/armv7e-m/fpu\libc.a(lib_a-lock.o)
 .debug_frame   0x00001ab4       0x58 c:/program files (x86)/atollic/truestudio for stm32 9.3.0/armtools/bin/../lib/gcc/arm-atollic-eabi/6.3.1/../../../../arm-atollic-eabi/lib/armv7e-m/fpu\libc.a(lib_a-makebuf.o)
 .debug_frame   0x00001b0c       0x30 c:/program files (x86)/atollic/truestudio for stm32 9.3.0/armtools/bin/../lib/gcc/arm-atollic-eabi/6.3.1/../../../../arm-atollic-eabi/lib/armv7e-m/fpu\libc.a(lib_a-malloc.o)
 .debug_frame   0x00001b3c       0x40 c:/program files (x86)/atollic/truestudio for stm32 9.3.0/armtools/bin/../lib/gcc/arm-atollic-eabi/6.3.1/../../../../arm-atollic-eabi/lib/armv7e-m/fpu\libc.a(lib_a-mallocr.o)
 .debug_frame   0x00001b7c       0x28 c:/program files (x86)/atollic/truestudio for stm32 9.3.0/armtools/bin/../lib/gcc/arm-atollic-eabi/6.3.1/../../../../arm-atollic-eabi/lib/armv7e-m/fpu\libc.a(lib_a-memcpy-stub.o)
 .debug_frame   0x00001ba4       0x30 c:/program files (x86)/atollic/truestudio for stm32 9.3.0/armtools/bin/../lib/gcc/arm-atollic-eabi/6.3.1/../../../../arm-atollic-eabi/lib/armv7e-m/fpu\libc.a(lib_a-mlock.o)
 .debug_frame   0x00001bd4      0x240 c:/program files (x86)/atollic/truestudio for stm32 9.3.0/armtools/bin/../lib/gcc/arm-atollic-eabi/6.3.1/../../../../arm-atollic-eabi/lib/armv7e-m/fpu\libc.a(lib_a-mprec.o)
 .debug_frame   0x00001e14       0x2c c:/program files (x86)/atollic/truestudio for stm32 9.3.0/armtools/bin/../lib/gcc/arm-atollic-eabi/6.3.1/../../../../arm-atollic-eabi/lib/armv7e-m/fpu\libc.a(lib_a-sbrkr.o)
 .debug_frame   0x00001e40       0x88 c:/program files (x86)/atollic/truestudio for stm32 9.3.0/armtools/bin/../lib/gcc/arm-atollic-eabi/6.3.1/../../../../arm-atollic-eabi/lib/armv7e-m/fpu\libc.a(lib_a-stdio.o)
 .debug_frame   0x00001ec8       0x9c c:/program files (x86)/atollic/truestudio for stm32 9.3.0/armtools/bin/../lib/gcc/arm-atollic-eabi/6.3.1/../../../../arm-atollic-eabi/lib/armv7e-m/fpu\libc.a(lib_a-vfiprintf.o)
 .debug_frame   0x00001f64       0x2c c:/program files (x86)/atollic/truestudio for stm32 9.3.0/armtools/bin/../lib/gcc/arm-atollic-eabi/6.3.1/../../../../arm-atollic-eabi/lib/armv7e-m/fpu\libc.a(lib_a-writer.o)
 .debug_frame   0x00001f90       0x28 c:/program files (x86)/atollic/truestudio for stm32 9.3.0/armtools/bin/../lib/gcc/arm-atollic-eabi/6.3.1/../../../../arm-atollic-eabi/lib/armv7e-m/fpu\libc.a(lib_a-callocr.o)
 .debug_frame   0x00001fb8       0x2c c:/program files (x86)/atollic/truestudio for stm32 9.3.0/armtools/bin/../lib/gcc/arm-atollic-eabi/6.3.1/../../../../arm-atollic-eabi/lib/armv7e-m/fpu\libc.a(lib_a-closer.o)
 .debug_frame   0x00001fe4       0x3c c:/program files (x86)/atollic/truestudio for stm32 9.3.0/armtools/bin/../lib/gcc/arm-atollic-eabi/6.3.1/../../../../arm-atollic-eabi/lib/armv7e-m/fpu\libc.a(lib_a-fclose.o)
 .debug_frame   0x00002020       0x7c c:/program files (x86)/atollic/truestudio for stm32 9.3.0/armtools/bin/../lib/gcc/arm-atollic-eabi/6.3.1/../../../../arm-atollic-eabi/lib/armv7e-m/fpu\libc.a(lib_a-fputwc.o)
 .debug_frame   0x0000209c       0x2c c:/program files (x86)/atollic/truestudio for stm32 9.3.0/armtools/bin/../lib/gcc/arm-atollic-eabi/6.3.1/../../../../arm-atollic-eabi/lib/armv7e-m/fpu\libc.a(lib_a-fstatr.o)
 .debug_frame   0x000020c8       0x3c c:/program files (x86)/atollic/truestudio for stm32 9.3.0/armtools/bin/../lib/gcc/arm-atollic-eabi/6.3.1/../../../../arm-atollic-eabi/lib/armv7e-m/fpu\libc.a(lib_a-fvwrite.o)
 .debug_frame   0x00002104       0x2c c:/program files (x86)/atollic/truestudio for stm32 9.3.0/armtools/bin/../lib/gcc/arm-atollic-eabi/6.3.1/../../../../arm-atollic-eabi/lib/armv7e-m/fpu\libc.a(lib_a-isattyr.o)
 .debug_frame   0x00002130       0x68 c:/program files (x86)/atollic/truestudio for stm32 9.3.0/armtools/bin/../lib/gcc/arm-atollic-eabi/6.3.1/../../../../arm-atollic-eabi/lib/armv7e-m/fpu\libc.a(lib_a-locale.o)
 .debug_frame   0x00002198       0x2c c:/program files (x86)/atollic/truestudio for stm32 9.3.0/armtools/bin/../lib/gcc/arm-atollic-eabi/6.3.1/../../../../arm-atollic-eabi/lib/armv7e-m/fpu\libc.a(lib_a-lseekr.o)
 .debug_frame   0x000021c4       0x48 c:/program files (x86)/atollic/truestudio for stm32 9.3.0/armtools/bin/../lib/gcc/arm-atollic-eabi/6.3.1/../../../../arm-atollic-eabi/lib/armv7e-m/fpu\libc.a(lib_a-mbtowc_r.o)
 .debug_frame   0x0000220c       0x28 c:/program files (x86)/atollic/truestudio for stm32 9.3.0/armtools/bin/../lib/gcc/arm-atollic-eabi/6.3.1/../../../../arm-atollic-eabi/lib/armv7e-m/fpu\libc.a(lib_a-memmove.o)
 .debug_frame   0x00002234       0x2c c:/program files (x86)/atollic/truestudio for stm32 9.3.0/armtools/bin/../lib/gcc/arm-atollic-eabi/6.3.1/../../../../arm-atollic-eabi/lib/armv7e-m/fpu\libc.a(lib_a-readr.o)
 .debug_frame   0x00002260       0x50 c:/program files (x86)/atollic/truestudio for stm32 9.3.0/armtools/bin/../lib/gcc/arm-atollic-eabi/6.3.1/../../../../arm-atollic-eabi/lib/armv7e-m/fpu\libc.a(lib_a-reallocr.o)
 .debug_frame   0x000022b0       0x5c c:/program files (x86)/atollic/truestudio for stm32 9.3.0/armtools/bin/../lib/gcc/arm-atollic-eabi/6.3.1/../../../../arm-atollic-eabi/lib/armv7e-m/fpu\libc.a(lib_a-reent.o)
 .debug_frame   0x0000230c       0x40 c:/program files (x86)/atollic/truestudio for stm32 9.3.0/armtools/bin/../lib/gcc/arm-atollic-eabi/6.3.1/../../../../arm-atollic-eabi/lib/armv7e-m/fpu\libc.a(lib_a-wbuf.o)
 .debug_frame   0x0000234c       0x48 c:/program files (x86)/atollic/truestudio for stm32 9.3.0/armtools/bin/../lib/gcc/arm-atollic-eabi/6.3.1/../../../../arm-atollic-eabi/lib/armv7e-m/fpu\libc.a(lib_a-wcrtomb.o)
 .debug_frame   0x00002394       0x3c c:/program files (x86)/atollic/truestudio for stm32 9.3.0/armtools/bin/../lib/gcc/arm-atollic-eabi/6.3.1/../../../../arm-atollic-eabi/lib/armv7e-m/fpu\libc.a(lib_a-wctomb_r.o)
 .debug_frame   0x000023d0       0xac c:/program files (x86)/atollic/truestudio for stm32 9.3.0/armtools/bin/../lib/gcc/arm-atollic-eabi/6.3.1/armv7e-m/fpu\libgcc.a(_arm_addsubdf3.o)
 .debug_frame   0x0000247c       0x50 c:/program files (x86)/atollic/truestudio for stm32 9.3.0/armtools/bin/../lib/gcc/arm-atollic-eabi/6.3.1/armv7e-m/fpu\libgcc.a(_arm_muldivdf3.o)
 .debug_frame   0x000024cc       0xc4 c:/program files (x86)/atollic/truestudio for stm32 9.3.0/armtools/bin/../lib/gcc/arm-atollic-eabi/6.3.1/armv7e-m/fpu\libgcc.a(_arm_cmpdf2.o)
 .debug_frame   0x00002590       0x20 c:/program files (x86)/atollic/truestudio for stm32 9.3.0/armtools/bin/../lib/gcc/arm-atollic-eabi/6.3.1/armv7e-m/fpu\libgcc.a(_arm_unorddf2.o)
 .debug_frame   0x000025b0       0x24 c:/program files (x86)/atollic/truestudio for stm32 9.3.0/armtools/bin/../lib/gcc/arm-atollic-eabi/6.3.1/armv7e-m/fpu\libgcc.a(_arm_fixdfsi.o)
 .debug_frame   0x000025d4       0x24 c:/program files (x86)/atollic/truestudio for stm32 9.3.0/armtools/bin/../lib/gcc/arm-atollic-eabi/6.3.1/armv7e-m/fpu\libgcc.a(_arm_truncdfsf2.o)
 .debug_frame   0x000025f8       0x2c c:/program files (x86)/atollic/truestudio for stm32 9.3.0/armtools/bin/../lib/gcc/arm-atollic-eabi/6.3.1/armv7e-m/fpu\libgcc.a(_aeabi_uldivmod.o)
 .debug_frame   0x00002624       0x34 c:/program files (x86)/atollic/truestudio for stm32 9.3.0/armtools/bin/../lib/gcc/arm-atollic-eabi/6.3.1/armv7e-m/fpu\libgcc.a(_udivmoddi4.o)